Omega_m 0.309660 
Omega_v 0.690340 
sigma_8 0.810200 
n_spec 0.966500 
w0 -1.000000 
wa 0.000000 
omb 0.048970 
h0 0.676600 
h0 0.676600 
h0 0.676600 
h0 0.676600 
area 2894.030382 
sourcephotoz multihisto 
lensphotoz multihisto 
number of source tomo bins 1 
number of lens tomo bins 1 
sigmae 0.378398 
tomo.n_source[0]=4.957279 
ngal 4.957279 
tomo.n_lens_ij[0][0]=4.957279 
nlens 4.957279 
tomo.n_lens_ij[0][0]=4.957279 
nlens 9.914559 
tomo.n_lens_ij[0][0]=4.957279 
nlens 14.871838 
shear_REDSHIFT_FILE /n17data/sguerrini/UNIONS/WL/nz/v1.4.6.3/nz_SP_v1.4.6.3_A.txt 
clustering_REDSHIFT_FILE /n17data/sguerrini/UNIONS/WL/nz/v1.4.6.3/nz_SP_v1.4.6.3_A.txt 
IA = 1 
A_ia = 0.000000 
eta_ia = 0.000000 
eta_ia = 0.000000 
eta_ia = 0.000000 
C_FOOTPRINT_FILE /n17data/cdaley/unions/code/sp_validation/cosmo_inference/data/mask/mask_cls_footprint_nside_4096_norm.txt 
C_FOOTPRINT_FILE /n17data/cdaley/unions/code/sp_validation/cosmo_inference/data/mask/mask_cls_footprint_nside_4096_norm.txt 
C_FOOTPRINT_FILE /n17data/cdaley/unions/code/sp_validation/cosmo_inference/data/mask/mask_cls_footprint_nside_4096_norm.txt 
tmin 0.000145 
tmax 0.087266 
ntheta 1000 
ng 0 
cng 0 
cng 0 
cng 0 
outdir ./ 
filename cov_tmp 
ss true 
ls false 
ll false 
Source redshifts: multi-histo file /n17data/sguerrini/UNIONS/WL/nz/v1.4.6.3/nz_SP_v1.4.6.3_A.txt, containing 1 tomography bins
redshift_spline.c 200 1.250000e-02 5.012500e+00
tomo.shear_zmin[0] = 0.013,tomo.shear_zmax[0] = 3.612
bin 0: <z_s>=0.632251
like.IA: 1, using parameters A_ia, eta_ia
WARNING
	oneplusz0_ia is not set correctly!
	using DES-Y3 value z0 = 0.62constant oneplusz0_ia is set: 1.620000
A_ia = 0.000000, eta_ia = 0.000000 
init_source_sample complete
Lens redshifts: multi-histo file /n17data/sguerrini/UNIONS/WL/nz/v1.4.6.3/nz_SP_v1.4.6.3_A.txt, containing 1 tomography bins
1 Clustering Powerspectra
tomo.clustering_zmin[0] = 0.013,tomo.clustering_zmax[0] = 3.612
1 GGL Powerspectra
init_lens_sample complete
running multi_covariance_real with NG = 0, cNG = 0
numbers of powers: 1, 1, 1 
N_shear1 = 0 (0,0)
N_shear2 = 0 (0, 0)
redshift.shear_photoz = 4, using tabulated tomo.n_source = 4.957279e+00,



covariances_3D.c:w_mask:WARNING
Compute covariance without accounting to survey boundary effect on shape/shot noise:
Survey mask power spectrum in /n17data/cdaley/unions/code/sp_validation/cosmo_inference/data/mask/mask_cls_footprint_nside_4096_norm.txt tabulated only to l_max = 12287
This is insufficient to calculate masking effect at theta_min = 0.50 arcmin


N[i]: 3.95913e-09
N[i]: 3.9088e-09
N[i]: 3.85911e-09
N[i]: 3.81006e-09
N[i]: 3.76162e-09
N[i]: 3.7138e-09
N[i]: 3.66659e-09
N[i]: 3.61998e-09
N[i]: 3.57396e-09
N[i]: 3.52853e-09
N[i]: 3.48367e-09
N[i]: 3.43939e-09
N[i]: 3.39566e-09
N[i]: 3.3525e-09
N[i]: 3.30988e-09
N[i]: 3.2678e-09
N[i]: 3.22626e-09
N[i]: 3.18525e-09
N[i]: 3.14475e-09
N[i]: 3.10478e-09
N[i]: 3.06531e-09
N[i]: 3.02634e-09
N[i]: 2.98787e-09
N[i]: 2.94989e-09
N[i]: 2.91239e-09
N[i]: 2.87536e-09
N[i]: 2.83881e-09
N[i]: 2.80272e-09
N[i]: 2.76709e-09
N[i]: 2.73192e-09
N[i]: 2.69719e-09
N[i]: 2.6629e-09
N[i]: 2.62905e-09
N[i]: 2.59563e-09
N[i]: 2.56263e-09
N[i]: 2.53005e-09
N[i]: 2.49789e-09
N[i]: 2.46614e-09
N[i]: 2.43479e-09
N[i]: 2.40383e-09
N[i]: 2.37328e-09
N[i]: 2.34311e-09
N[i]: 2.31332e-09
N[i]: 2.28391e-09
N[i]: 2.25488e-09
N[i]: 2.22621e-09
N[i]: 2.19791e-09
N[i]: 2.16997e-09
N[i]: 2.14239e-09
N[i]: 2.11515e-09
N[i]: 2.08826e-09
N[i]: 2.06172e-09
N[i]: 2.03551e-09
N[i]: 2.00963e-09
N[i]: 1.98408e-09
N[i]: 1.95886e-09
N[i]: 1.93396e-09
N[i]: 1.90937e-09
N[i]: 1.8851e-09
N[i]: 1.86114e-09
N[i]: 1.83748e-09
N[i]: 1.81412e-09
N[i]: 1.79106e-09
N[i]: 1.76829e-09
N[i]: 1.74581e-09
N[i]: 1.72362e-09
N[i]: 1.7017e-09
N[i]: 1.68007e-09
N[i]: 1.65871e-09
N[i]: 1.63763e-09
N[i]: 1.61681e-09
N[i]: 1.59626e-09
N[i]: 1.57596e-09
N[i]: 1.55593e-09
N[i]: 1.53615e-09
N[i]: 1.51662e-09
N[i]: 1.49734e-09
N[i]: 1.47831e-09
N[i]: 1.45952e-09
N[i]: 1.44096e-09
N[i]: 1.42264e-09
N[i]: 1.40456e-09
N[i]: 1.3867e-09
N[i]: 1.36907e-09
N[i]: 1.35167e-09
N[i]: 1.33449e-09
N[i]: 1.31752e-09
N[i]: 1.30077e-09
N[i]: 1.28424e-09
N[i]: 1.26791e-09
N[i]: 1.25179e-09
N[i]: 1.23588e-09
N[i]: 1.22017e-09
N[i]: 1.20466e-09
N[i]: 1.18934e-09
N[i]: 1.17423e-09
N[i]: 1.1593e-09
N[i]: 1.14456e-09
N[i]: 1.13001e-09
N[i]: 1.11565e-09
N[i]: 1.10146e-09
N[i]: 1.08746e-09
N[i]: 1.07364e-09
N[i]: 1.05999e-09
N[i]: 1.04651e-09
N[i]: 1.03321e-09
N[i]: 1.02008e-09
N[i]: 1.00711e-09
N[i]: 9.94305e-10
N[i]: 9.81665e-10
N[i]: 9.69186e-10
N[i]: 9.56865e-10
N[i]: 9.44701e-10
N[i]: 9.32692e-10
N[i]: 9.20835e-10
N[i]: 9.09129e-10
N[i]: 8.97572e-10
N[i]: 8.86161e-10
N[i]: 8.74896e-10
N[i]: 8.63774e-10
N[i]: 8.52794e-10
N[i]: 8.41953e-10
N[i]: 8.31249e-10
N[i]: 8.20682e-10
N[i]: 8.10249e-10
N[i]: 7.99949e-10
N[i]: 7.8978e-10
N[i]: 7.7974e-10
N[i]: 7.69828e-10
N[i]: 7.60041e-10
N[i]: 7.50379e-10
N[i]: 7.4084e-10
N[i]: 7.31422e-10
N[i]: 7.22124e-10
N[i]: 7.12944e-10
N[i]: 7.03881e-10
N[i]: 6.94933e-10
N[i]: 6.86099e-10
N[i]: 6.77377e-10
N[i]: 6.68766e-10
N[i]: 6.60264e-10
N[i]: 6.51871e-10
N[i]: 6.43584e-10
N[i]: 6.35403e-10
N[i]: 6.27325e-10
N[i]: 6.1935e-10
N[i]: 6.11477e-10
N[i]: 6.03704e-10
N[i]: 5.96029e-10
N[i]: 5.88452e-10
N[i]: 5.80972e-10
N[i]: 5.73586e-10
N[i]: 5.66294e-10
N[i]: 5.59095e-10
N[i]: 5.51988e-10
N[i]: 5.44971e-10
N[i]: 5.38043e-10
N[i]: 5.31203e-10
N[i]: 5.2445e-10
N[i]: 5.17783e-10
N[i]: 5.11201e-10
N[i]: 5.04703e-10
N[i]: 4.98287e-10
N[i]: 4.91952e-10
N[i]: 4.85698e-10
N[i]: 4.79524e-10
N[i]: 4.73428e-10
N[i]: 4.6741e-10
N[i]: 4.61468e-10
N[i]: 4.55601e-10
N[i]: 4.4981e-10
N[i]: 4.44092e-10
N[i]: 4.38446e-10
N[i]: 4.32872e-10
N[i]: 4.2737e-10
N[i]: 4.21937e-10
N[i]: 4.16573e-10
N[i]: 4.11277e-10
N[i]: 4.06049e-10
N[i]: 4.00887e-10
N[i]: 3.95791e-10
N[i]: 3.90759e-10
N[i]: 3.85792e-10
N[i]: 3.80888e-10
N[i]: 3.76046e-10
N[i]: 3.71265e-10
N[i]: 3.66546e-10
N[i]: 3.61886e-10
N[i]: 3.57285e-10
N[i]: 3.52744e-10
N[i]: 3.48259e-10
N[i]: 3.43832e-10
N[i]: 3.39461e-10
N[i]: 3.35146e-10
N[i]: 3.30885e-10
N[i]: 3.26679e-10
N[i]: 3.22526e-10
N[i]: 3.18426e-10
N[i]: 3.14378e-10
N[i]: 3.10382e-10
N[i]: 3.06436e-10
N[i]: 3.0254e-10
N[i]: 2.98694e-10
N[i]: 2.94897e-10
N[i]: 2.91148e-10
N[i]: 2.87447e-10
N[i]: 2.83793e-10
N[i]: 2.80185e-10
N[i]: 2.76624e-10
N[i]: 2.73107e-10
N[i]: 2.69635e-10
N[i]: 2.66208e-10
N[i]: 2.62823e-10
N[i]: 2.59482e-10
N[i]: 2.56184e-10
N[i]: 2.52927e-10
N[i]: 2.49712e-10
N[i]: 2.46537e-10
N[i]: 2.43403e-10
N[i]: 2.40309e-10
N[i]: 2.37254e-10
N[i]: 2.34238e-10
N[i]: 2.3126e-10
N[i]: 2.2832e-10
N[i]: 2.25418e-10
N[i]: 2.22552e-10
N[i]: 2.19723e-10
N[i]: 2.1693e-10
N[i]: 2.14172e-10
N[i]: 2.1145e-10
N[i]: 2.08762e-10
N[i]: 2.06108e-10
N[i]: 2.03488e-10
N[i]: 2.00901e-10
N[i]: 1.98347e-10
N[i]: 1.95825e-10
N[i]: 1.93336e-10
N[i]: 1.90878e-10
N[i]: 1.88452e-10
N[i]: 1.86056e-10
N[i]: 1.83691e-10
N[i]: 1.81356e-10
N[i]: 1.7905e-10
N[i]: 1.76774e-10
N[i]: 1.74527e-10
N[i]: 1.72308e-10
N[i]: 1.70118e-10
N[i]: 1.67955e-10
N[i]: 1.6582e-10
N[i]: 1.63712e-10
N[i]: 1.61631e-10
N[i]: 1.59576e-10
N[i]: 1.57548e-10
N[i]: 1.55545e-10
N[i]: 1.53568e-10
N[i]: 1.51615e-10
N[i]: 1.49688e-10
N[i]: 1.47785e-10
N[i]: 1.45906e-10
N[i]: 1.44052e-10
N[i]: 1.4222e-10
N[i]: 1.40412e-10
N[i]: 1.38627e-10
N[i]: 1.36865e-10
N[i]: 1.35125e-10
N[i]: 1.33407e-10
N[i]: 1.31712e-10
N[i]: 1.30037e-10
N[i]: 1.28384e-10
N[i]: 1.26752e-10
N[i]: 1.25141e-10
N[i]: 1.2355e-10
N[i]: 1.21979e-10
N[i]: 1.20429e-10
N[i]: 1.18898e-10
N[i]: 1.17386e-10
N[i]: 1.15894e-10
N[i]: 1.14421e-10
N[i]: 1.12966e-10
N[i]: 1.1153e-10
N[i]: 1.10112e-10
N[i]: 1.08712e-10
N[i]: 1.0733e-10
N[i]: 1.05966e-10
N[i]: 1.04619e-10
N[i]: 1.03289e-10
N[i]: 1.01976e-10
N[i]: 1.0068e-10
N[i]: 9.93997e-11
N[i]: 9.81361e-11
N[i]: 9.68886e-11
N[i]: 9.56569e-11
N[i]: 9.44408e-11
N[i]: 9.32403e-11
N[i]: 9.2055e-11
N[i]: 9.08847e-11
N[i]: 8.97294e-11
N[i]: 8.85887e-11
N[i]: 8.74625e-11
N[i]: 8.63507e-11
N[i]: 8.5253e-11
N[i]: 8.41692e-11
N[i]: 8.30992e-11
N[i]: 8.20428e-11
N[i]: 8.09999e-11
N[i]: 7.99702e-11
N[i]: 7.89535e-11
N[i]: 7.79499e-11
N[i]: 7.69589e-11
N[i]: 7.59806e-11
N[i]: 7.50147e-11
N[i]: 7.40611e-11
N[i]: 7.31196e-11
N[i]: 7.21901e-11
N[i]: 7.12724e-11
N[i]: 7.03663e-11
N[i]: 6.94718e-11
N[i]: 6.85887e-11
N[i]: 6.77167e-11
N[i]: 6.68559e-11
N[i]: 6.6006e-11
N[i]: 6.51669e-11
N[i]: 6.43385e-11
N[i]: 6.35206e-11
N[i]: 6.27131e-11
N[i]: 6.19159e-11
N[i]: 6.11288e-11
N[i]: 6.03517e-11
N[i]: 5.95845e-11
N[i]: 5.8827e-11
N[i]: 5.80792e-11
N[i]: 5.73408e-11
N[i]: 5.66119e-11
N[i]: 5.58922e-11
N[i]: 5.51817e-11
N[i]: 5.44802e-11
N[i]: 5.37876e-11
N[i]: 5.31039e-11
N[i]: 5.24288e-11
N[i]: 5.17623e-11
N[i]: 5.11043e-11
N[i]: 5.04546e-11
N[i]: 4.98132e-11
N[i]: 4.918e-11
N[i]: 4.85548e-11
N[i]: 4.79376e-11
N[i]: 4.73282e-11
N[i]: 4.67265e-11
N[i]: 4.61325e-11
N[i]: 4.5546e-11
N[i]: 4.4967e-11
N[i]: 4.43954e-11
N[i]: 4.3831e-11
N[i]: 4.32738e-11
N[i]: 4.27237e-11
N[i]: 4.21806e-11
N[i]: 4.16444e-11
N[i]: 4.1115e-11
N[i]: 4.05923e-11
N[i]: 4.00763e-11
N[i]: 3.95668e-11
N[i]: 3.90638e-11
N[i]: 3.85673e-11
N[i]: 3.8077e-11
N[i]: 3.75929e-11
N[i]: 3.7115e-11
N[i]: 3.66432e-11
N[i]: 3.61774e-11
N[i]: 3.57175e-11
N[i]: 3.52634e-11
N[i]: 3.48152e-11
N[i]: 3.43726e-11
N[i]: 3.39356e-11
N[i]: 3.35042e-11
N[i]: 3.30783e-11
N[i]: 3.26578e-11
N[i]: 3.22426e-11
N[i]: 3.18328e-11
N[i]: 3.14281e-11
N[i]: 3.10286e-11
N[i]: 3.06341e-11
N[i]: 3.02447e-11
N[i]: 2.98602e-11
N[i]: 2.94806e-11
N[i]: 2.91058e-11
N[i]: 2.87358e-11
N[i]: 2.83705e-11
N[i]: 2.80099e-11
N[i]: 2.76538e-11
N[i]: 2.73023e-11
N[i]: 2.69552e-11
N[i]: 2.66125e-11
N[i]: 2.62742e-11
N[i]: 2.59402e-11
N[i]: 2.56104e-11
N[i]: 2.52849e-11
N[i]: 2.49634e-11
N[i]: 2.46461e-11
N[i]: 2.43328e-11
N[i]: 2.40235e-11
N[i]: 2.37181e-11
N[i]: 2.34165e-11
N[i]: 2.31189e-11
N[i]: 2.2825e-11
N[i]: 2.25348e-11
N[i]: 2.22483e-11
N[i]: 2.19655e-11
N[i]: 2.16863e-11
N[i]: 2.14106e-11
N[i]: 2.11384e-11
N[i]: 2.08697e-11
N[i]: 2.06044e-11
N[i]: 2.03425e-11
N[i]: 2.00839e-11
N[i]: 1.98286e-11
N[i]: 1.95765e-11
N[i]: 1.93276e-11
N[i]: 1.90819e-11
N[i]: 1.88393e-11
N[i]: 1.85999e-11
N[i]: 1.83634e-11
N[i]: 1.813e-11
N[i]: 1.78995e-11
N[i]: 1.76719e-11
N[i]: 1.74473e-11
N[i]: 1.72255e-11
N[i]: 1.70065e-11
N[i]: 1.67903e-11
N[i]: 1.65769e-11
N[i]: 1.63661e-11
N[i]: 1.61581e-11
N[i]: 1.59527e-11
N[i]: 1.57499e-11
N[i]: 1.55497e-11
N[i]: 1.5352e-11
N[i]: 1.51568e-11
N[i]: 1.49642e-11
N[i]: 1.47739e-11
N[i]: 1.45861e-11
N[i]: 1.44007e-11
N[i]: 1.42176e-11
N[i]: 1.40369e-11
N[i]: 1.38584e-11
N[i]: 1.36823e-11
N[i]: 1.35083e-11
N[i]: 1.33366e-11
N[i]: 1.31671e-11
N[i]: 1.29997e-11
N[i]: 1.28344e-11
N[i]: 1.26713e-11
N[i]: 1.25102e-11
N[i]: 1.23512e-11
N[i]: 1.21941e-11
N[i]: 1.20391e-11
N[i]: 1.18861e-11
N[i]: 1.1735e-11
N[i]: 1.15858e-11
N[i]: 1.14385e-11
N[i]: 1.12931e-11
N[i]: 1.11496e-11
N[i]: 1.10078e-11
N[i]: 1.08679e-11
N[i]: 1.07297e-11
N[i]: 1.05933e-11
N[i]: 1.04587e-11
N[i]: 1.03257e-11
N[i]: 1.01944e-11
N[i]: 1.00648e-11
N[i]: 9.93689e-12
N[i]: 9.81057e-12
N[i]: 9.68586e-12
N[i]: 9.56273e-12
N[i]: 9.44116e-12
N[i]: 9.32114e-12
N[i]: 9.20265e-12
N[i]: 9.08566e-12
N[i]: 8.97016e-12
N[i]: 8.85613e-12
N[i]: 8.74355e-12
N[i]: 8.6324e-12
N[i]: 8.52266e-12
N[i]: 8.41431e-12
N[i]: 8.30735e-12
N[i]: 8.20174e-12
N[i]: 8.09748e-12
N[i]: 7.99454e-12
N[i]: 7.89291e-12
N[i]: 7.79257e-12
N[i]: 7.69351e-12
N[i]: 7.59571e-12
N[i]: 7.49915e-12
N[i]: 7.40382e-12
N[i]: 7.3097e-12
N[i]: 7.21677e-12
N[i]: 7.12503e-12
N[i]: 7.03446e-12
N[i]: 6.94503e-12
N[i]: 6.85674e-12
N[i]: 6.76958e-12
N[i]: 6.68352e-12
N[i]: 6.59856e-12
N[i]: 6.51467e-12
N[i]: 6.43186e-12
N[i]: 6.35009e-12
N[i]: 6.26937e-12
N[i]: 6.18967e-12
N[i]: 6.11098e-12
N[i]: 6.0333e-12
N[i]: 5.9566e-12
N[i]: 5.88088e-12
N[i]: 5.80612e-12
N[i]: 5.73231e-12
N[i]: 5.65944e-12
N[i]: 5.58749e-12
N[i]: 5.51646e-12
N[i]: 5.44634e-12
N[i]: 5.3771e-12
N[i]: 5.30874e-12
N[i]: 5.24126e-12
N[i]: 5.17463e-12
N[i]: 5.10885e-12
N[i]: 5.0439e-12
N[i]: 4.97978e-12
N[i]: 4.91648e-12
N[i]: 4.85398e-12
N[i]: 4.79227e-12
N[i]: 4.73135e-12
N[i]: 4.6712e-12
N[i]: 4.61182e-12
N[i]: 4.55319e-12
N[i]: 4.49531e-12
N[i]: 4.43817e-12
N[i]: 4.38175e-12
N[i]: 4.32604e-12
N[i]: 4.27105e-12
N[i]: 4.21675e-12
N[i]: 4.16315e-12
N[i]: 4.11023e-12
N[i]: 4.05798e-12
N[i]: 4.00639e-12
N[i]: 3.95546e-12
N[i]: 3.90518e-12
N[i]: 3.85553e-12
N[i]: 3.80652e-12
N[i]: 3.75813e-12
N[i]: 3.71035e-12
N[i]: 3.66319e-12
N[i]: 3.61662e-12
N[i]: 3.57064e-12
N[i]: 3.52525e-12
N[i]: 3.48044e-12
N[i]: 3.43619e-12
N[i]: 3.39251e-12
N[i]: 3.34938e-12
N[i]: 3.30681e-12
N[i]: 3.26477e-12
N[i]: 3.22327e-12
N[i]: 3.18229e-12
N[i]: 3.14184e-12
N[i]: 3.1019e-12
N[i]: 3.06246e-12
N[i]: 3.02353e-12
N[i]: 2.9851e-12
N[i]: 2.94715e-12
N[i]: 2.90968e-12
N[i]: 2.87269e-12
N[i]: 2.83617e-12
N[i]: 2.80012e-12
N[i]: 2.76452e-12
N[i]: 2.72938e-12
N[i]: 2.69468e-12
N[i]: 2.66043e-12
N[i]: 2.62661e-12
N[i]: 2.59322e-12
N[i]: 2.56025e-12
N[i]: 2.5277e-12
N[i]: 2.49557e-12
N[i]: 2.46385e-12
N[i]: 2.43253e-12
N[i]: 2.4016e-12
N[i]: 2.37107e-12
N[i]: 2.34093e-12
N[i]: 2.31117e-12
N[i]: 2.28179e-12
N[i]: 2.25278e-12
N[i]: 2.22415e-12
N[i]: 2.19587e-12
N[i]: 2.16796e-12
N[i]: 2.1404e-12
N[i]: 2.11319e-12
N[i]: 2.08632e-12
N[i]: 2.0598e-12
N[i]: 2.03362e-12
N[i]: 2.00776e-12
N[i]: 1.98224e-12
N[i]: 1.95704e-12
N[i]: 1.93216e-12
N[i]: 1.9076e-12
N[i]: 1.88335e-12
N[i]: 1.85941e-12
N[i]: 1.83577e-12
N[i]: 1.81243e-12
N[i]: 1.78939e-12
N[i]: 1.76665e-12
N[i]: 1.74419e-12
N[i]: 1.72202e-12
N[i]: 1.70013e-12
N[i]: 1.67851e-12
N[i]: 1.65717e-12
N[i]: 1.63611e-12
N[i]: 1.61531e-12
N[i]: 1.59477e-12
N[i]: 1.5745e-12
N[i]: 1.55449e-12
N[i]: 1.53472e-12
N[i]: 1.51521e-12
N[i]: 1.49595e-12
N[i]: 1.47694e-12
N[i]: 1.45816e-12
N[i]: 1.43962e-12
N[i]: 1.42132e-12
N[i]: 1.40325e-12
N[i]: 1.38542e-12
N[i]: 1.3678e-12
N[i]: 1.35042e-12
N[i]: 1.33325e-12
N[i]: 1.3163e-12
N[i]: 1.29957e-12
N[i]: 1.28305e-12
N[i]: 1.26674e-12
N[i]: 1.25063e-12
N[i]: 1.23473e-12
N[i]: 1.21904e-12
N[i]: 1.20354e-12
N[i]: 1.18824e-12
N[i]: 1.17314e-12
N[i]: 1.15822e-12
N[i]: 1.1435e-12
N[i]: 1.12896e-12
N[i]: 1.11461e-12
N[i]: 1.10044e-12
N[i]: 1.08645e-12
N[i]: 1.07264e-12
N[i]: 1.059e-12
N[i]: 1.04554e-12
N[i]: 1.03225e-12
N[i]: 1.01913e-12
N[i]: 1.00617e-12
N[i]: 9.93382e-13
N[i]: 9.80754e-13
N[i]: 9.68286e-13
N[i]: 9.55977e-13
N[i]: 9.43824e-13
N[i]: 9.31826e-13
N[i]: 9.1998e-13
N[i]: 9.08285e-13
N[i]: 8.96738e-13
N[i]: 8.85339e-13
N[i]: 8.74084e-13
N[i]: 8.62972e-13
N[i]: 8.52002e-13
N[i]: 8.41171e-13
N[i]: 8.30478e-13
N[i]: 8.1992e-13
N[i]: 8.09497e-13
N[i]: 7.99207e-13
N[i]: 7.89047e-13
N[i]: 7.79016e-13
N[i]: 7.69113e-13
N[i]: 7.59336e-13
N[i]: 7.49683e-13
N[i]: 7.40153e-13
N[i]: 7.30743e-13
N[i]: 7.21454e-13
N[i]: 7.12283e-13
N[i]: 7.03228e-13
N[i]: 6.94288e-13
N[i]: 6.85462e-13
N[i]: 6.76748e-13
N[i]: 6.68145e-13
N[i]: 6.59651e-13
N[i]: 6.51266e-13
N[i]: 6.42987e-13
N[i]: 6.34813e-13
N[i]: 6.26743e-13
N[i]: 6.18775e-13
N[i]: 6.10909e-13
N[i]: 6.03143e-13
N[i]: 5.95476e-13
N[i]: 5.87906e-13
N[i]: 5.80432e-13
N[i]: 5.73054e-13
N[i]: 5.65769e-13
N[i]: 5.58576e-13
N[i]: 5.51476e-13
N[i]: 5.44465e-13
N[i]: 5.37544e-13
N[i]: 5.3071e-13
N[i]: 5.23964e-13
N[i]: 5.17303e-13
N[i]: 5.10727e-13
N[i]: 5.04234e-13
N[i]: 4.97824e-13
N[i]: 4.91496e-13
N[i]: 4.85247e-13
N[i]: 4.79079e-13
N[i]: 4.72989e-13
N[i]: 4.66976e-13
N[i]: 4.61039e-13
N[i]: 4.55178e-13
N[i]: 4.49392e-13
N[i]: 4.43679e-13
N[i]: 4.38039e-13
N[i]: 4.32471e-13
N[i]: 4.26973e-13
N[i]: 4.21545e-13
N[i]: 4.16186e-13
N[i]: 4.10895e-13
N[i]: 4.05672e-13
N[i]: 4.00515e-13
N[i]: 3.95423e-13
N[i]: 3.90397e-13
N[i]: 3.85434e-13
N[i]: 3.80534e-13
N[i]: 3.75697e-13
N[i]: 3.70921e-13
N[i]: 3.66205e-13
N[i]: 3.6155e-13
N[i]: 3.56954e-13
N[i]: 3.52416e-13
N[i]: 3.47936e-13
N[i]: 3.43513e-13
N[i]: 3.39146e-13
N[i]: 3.34835e-13
N[i]: 3.30578e-13
N[i]: 3.26376e-13
N[i]: 3.22227e-13
N[i]: 3.1813e-13
N[i]: 3.14086e-13
N[i]: 3.10093e-13
N[i]: 3.06151e-13
N[i]: 3.0226e-13
N[i]: 2.98417e-13
N[i]: 2.94624e-13
N[i]: 2.90878e-13
N[i]: 2.8718e-13
N[i]: 2.8353e-13
N[i]: 2.79925e-13
N[i]: 2.76367e-13
N[i]: 2.72854e-13
N[i]: 2.69385e-13
N[i]: 2.6596e-13
N[i]: 2.62579e-13
N[i]: 2.59241e-13
N[i]: 2.55946e-13
N[i]: 2.52692e-13
N[i]: 2.4948e-13
N[i]: 2.46308e-13
N[i]: 2.43177e-13
N[i]: 2.40086e-13
N[i]: 2.37034e-13
N[i]: 2.34021e-13
N[i]: 2.31046e-13
N[i]: 2.28108e-13
N[i]: 2.25209e-13
N[i]: 2.22346e-13
N[i]: 2.19519e-13
N[i]: 2.16729e-13
N[i]: 2.13973e-13
N[i]: 2.11253e-13
N[i]: 2.08568e-13
N[i]: 2.05916e-13
N[i]: 2.03299e-13
N[i]: 2.00714e-13
N[i]: 1.98163e-13
N[i]: 1.95644e-13
N[i]: 1.93157e-13
N[i]: 1.90701e-13
N[i]: 1.88277e-13
N[i]: 1.85883e-13
N[i]: 1.8352e-13
N[i]: 1.81187e-13
N[i]: 1.78884e-13
N[i]: 1.7661e-13
N[i]: 1.74365e-13
N[i]: 1.72148e-13
N[i]: 1.6996e-13
N[i]: 1.67799e-13
N[i]: 1.65666e-13
N[i]: 1.6356e-13
N[i]: 1.61481e-13
N[i]: 1.59428e-13
N[i]: 1.57401e-13
N[i]: 1.554e-13
N[i]: 1.53425e-13
N[i]: 1.51475e-13
N[i]: 1.49549e-13
N[i]: 1.47648e-13
N[i]: 1.45771e-13
N[i]: 1.43918e-13
N[i]: 1.42088e-13
N[i]: 1.40282e-13
N[i]: 1.38499e-13
N[i]: 1.36738e-13
N[i]: 1.35e-13
N[i]: 1.33284e-13
N[i]: 1.31589e-13
N[i]: 1.29916e-13
N[i]: 1.28265e-13
N[i]: 1.26634e-13
N[i]: 1.25025e-13
N[i]: 1.23435e-13
N[i]: 1.21866e-13
N[i]: 1.20317e-13
N[i]: 1.18787e-13
N[i]: 1.17277e-13
N[i]: 1.15786e-13
N[i]: 1.14314e-13
N[i]: 1.12861e-13
N[i]: 1.11426e-13
N[i]: 1.1001e-13
N[i]: 1.08612e-13
N[i]: 1.07231e-13
N[i]: 1.05868e-13
N[i]: 1.04522e-13
N[i]: 1.03193e-13
N[i]: 1.01881e-13
N[i]: 1.00586e-13
N[i]: 9.93074e-14
N[i]: 9.8045e-14
N[i]: 9.67986e-14
N[i]: 9.55681e-14
N[i]: 9.43532e-14
N[i]: 9.31537e-14
N[i]: 9.19695e-14
N[i]: 9.08004e-14
N[i]: 8.96461e-14
N[i]: 8.85065e-14
N[i]: 8.73813e-14
N[i]: 8.62705e-14
N[i]: 8.51738e-14
N[i]: 8.40911e-14
N[i]: 8.30221e-14
N[i]: 8.19667e-14
N[i]: 8.09247e-14
N[i]: 7.98959e-14
N[i]: 7.88803e-14
N[i]: 7.78775e-14
N[i]: 7.68875e-14
N[i]: 7.59101e-14
N[i]: 7.49451e-14
N[i]: 7.39923e-14
N[i]: 7.30517e-14
N[i]: 7.21231e-14
N[i]: 7.12062e-14
N[i]: 7.0301e-14
N[i]: 6.94073e-14
N[i]: 6.8525e-14
N[i]: 6.76539e-14
N[i]: 6.67938e-14
N[i]: 6.59447e-14
N[i]: 6.51064e-14
N[i]: 6.42788e-14
N[i]: 6.34616e-14
N[i]: 6.26549e-14
N[i]: 6.18584e-14
N[i]: 6.1072e-14
N[i]: 6.02956e-14
N[i]: 5.95291e-14
N[i]: 5.87724e-14
N[i]: 5.80253e-14
N[i]: 5.72876e-14
N[i]: 5.65594e-14
N[i]: 5.58403e-14
N[i]: 5.51305e-14
N[i]: 5.44296e-14
N[i]: 5.37377e-14
N[i]: 5.30546e-14
N[i]: 5.23801e-14
N[i]: 5.17143e-14
N[i]: 5.10568e-14
N[i]: 5.04078e-14
N[i]: 4.9767e-14
N[i]: 4.91343e-14
N[i]: 4.85097e-14
N[i]: 4.7893e-14
N[i]: 4.72842e-14
N[i]: 4.66831e-14
N[i]: 4.60897e-14
N[i]: 4.55038e-14
N[i]: 4.49253e-14
N[i]: 4.43542e-14
N[i]: 4.37903e-14
N[i]: 4.32337e-14
N[i]: 4.26841e-14
N[i]: 4.21414e-14
N[i]: 4.16057e-14
N[i]: 4.10768e-14
N[i]: 4.05546e-14
N[i]: 4.00391e-14
N[i]: 3.95301e-14
N[i]: 3.90276e-14
N[i]: 3.85314e-14
N[i]: 3.80416e-14
N[i]: 3.7558e-14
N[i]: 3.70806e-14
N[i]: 3.66092e-14
N[i]: 3.61438e-14
N[i]: 3.56843e-14
N[i]: 3.52307e-14
N[i]: 3.47828e-14
N[i]: 3.43407e-14
N[i]: 3.39041e-14
N[i]: 3.34731e-14
N[i]: 3.30476e-14
N[i]: 3.26275e-14
N[i]: 3.22127e-14
N[i]: 3.18032e-14
N[i]: 3.13989e-14
N[i]: 3.09998e-14
N[i]: 3.06057e-14
N[i]: 3.02166e-14
N[i]: 2.98325e-14
N[i]: 2.94532e-14
N[i]: 2.90788e-14
N[i]: 2.87092e-14
N[i]: 2.83442e-14
N[i]: 2.79839e-14
N[i]: 2.76281e-14
N[i]: 2.72769e-14
N[i]: 2.69302e-14
N[i]: 2.65878e-14
N[i]: 2.62498e-14
N[i]: 2.59161e-14
N[i]: 2.55867e-14
N[i]: 2.52614e-14
N[i]: 2.49403e-14
N[i]: 2.46232e-14
N[i]: 2.43102e-14
N[i]: 2.40012e-14
N[i]: 2.3696e-14
N[i]: 2.33948e-14
N[i]: 2.30974e-14
N[i]: 2.28038e-14
N[i]: 2.25139e-14
N[i]: 2.22277e-14
N[i]: 2.19451e-14
N[i]: 2.16661e-14
N[i]: 2.13907e-14
N[i]: 2.11188e-14
N[i]: 2.08503e-14
N[i]: 2.05853e-14
N[i]: 2.03236e-14
N[i]: 2.00652e-14
N[i]: 1.98101e-14
N[i]: 1.95583e-14
N[i]: 1.93097e-14
N[i]: 1.90642e-14
N[i]: 1.88219e-14
N[i]: 1.85826e-14
N[i]: 1.83464e-14
N[i]: 1.81131e-14
N[i]: 1.78829e-14
N[i]: 1.76555e-14
N[i]: 1.74311e-14
N[i]: 1.72095e-14
N[i]: 1.69907e-14
N[i]: 1.67747e-14
N[i]: 1.65615e-14
N[i]: 1.6351e-14
N[i]: 1.61431e-14
N[i]: 1.59379e-14
N[i]: 1.57353e-14
N[i]: 1.55352e-14
N[i]: 1.53377e-14
N[i]: 1.51428e-14
N[i]: 1.49503e-14
N[i]: 1.47602e-14
N[i]: 1.45726e-14
N[i]: 1.43873e-14
N[i]: 1.42044e-14
N[i]: 1.40239e-14
N[i]: 1.38456e-14
N[i]: 1.36696e-14
N[i]: 1.34958e-14
N[i]: 1.33242e-14
N[i]: 1.31549e-14
N[i]: 1.29876e-14
N[i]: 1.28225e-14
N[i]: 1.26595e-14
N[i]: 1.24986e-14
N[i]: 1.23397e-14
N[i]: 1.21828e-14
N[i]: 1.2028e-14
N[i]: 1.18751e-14
N[i]: 1.17241e-14
N[i]: 1.15751e-14
N[i]: 1.14279e-14
N[i]: 1.12826e-14
N[i]: 1.11392e-14
number of cov blocks for parallelization: 3
-----------------
PROGRAM EXECUTED
-----------------
