Omega_m 0.309660 
Omega_v 0.690340 
sigma_8 0.810200 
n_spec 0.966500 
w0 -1.000000 
wa 0.000000 
omb 0.048970 
h0 0.676600 
h0 0.676600 
h0 0.676600 
h0 0.676600 
area 2894.030382 
sourcephotoz multihisto 
lensphotoz multihisto 
number of source tomo bins 1 
number of lens tomo bins 1 
sigmae 0.380500 
tomo.n_source[0]=6.258126 
ngal 6.258126 
tomo.n_lens_ij[0][0]=6.258126 
nlens 6.258126 
tomo.n_lens_ij[0][0]=6.258126 
nlens 12.516252 
tomo.n_lens_ij[0][0]=6.258126 
nlens 18.774378 
shear_REDSHIFT_FILE /n17data/sguerrini/UNIONS/WL/nz/v1.4.6/nz_SP_v1.4.6_A.txt 
clustering_REDSHIFT_FILE /n17data/sguerrini/UNIONS/WL/nz/v1.4.6/nz_SP_v1.4.6_A.txt 
IA = 1 
A_ia = 0.000000 
eta_ia = 0.000000 
eta_ia = 0.000000 
eta_ia = 0.000000 
C_FOOTPRINT_FILE /n17data/cdaley/unions/code/sp_validation/cosmo_inference/data/mask/mask_cls_footprint_nside_4096_norm.txt 
C_FOOTPRINT_FILE /n17data/cdaley/unions/code/sp_validation/cosmo_inference/data/mask/mask_cls_footprint_nside_4096_norm.txt 
C_FOOTPRINT_FILE /n17data/cdaley/unions/code/sp_validation/cosmo_inference/data/mask/mask_cls_footprint_nside_4096_norm.txt 
tmin 0.000145 
tmax 0.087266 
ntheta 1000 
ng 0 
cng 0 
cng 0 
cng 0 
outdir ./ 
filename cov_tmp 
ss true 
ls false 
ll false 
Source redshifts: multi-histo file /n17data/sguerrini/UNIONS/WL/nz/v1.4.6/nz_SP_v1.4.6_A.txt, containing 1 tomography bins
redshift_spline.c 200 1.000000e-05 5.000000e+00
tomo.shear_zmin[0] = 0.000,tomo.shear_zmax[0] = 4.700
bin 0: <z_s>=0.625331
like.IA: 1, using parameters A_ia, eta_ia
WARNING
	oneplusz0_ia is not set correctly!
	using DES-Y3 value z0 = 0.62constant oneplusz0_ia is set: 1.620000
A_ia = 0.000000, eta_ia = 0.000000 
init_source_sample complete
Lens redshifts: multi-histo file /n17data/sguerrini/UNIONS/WL/nz/v1.4.6/nz_SP_v1.4.6_A.txt, containing 1 tomography bins
1 Clustering Powerspectra
tomo.clustering_zmin[0] = 0.000,tomo.clustering_zmax[0] = 4.700
1 GGL Powerspectra
init_lens_sample complete
running multi_covariance_real with NG = 0, cNG = 0
numbers of powers: 1, 1, 1 
N_shear1 = 0 (0,0)
N_shear2 = 0 (0, 0)
redshift.shear_photoz = 4, using tabulated tomo.n_source = 6.258126e+00,



covariances_3D.c:w_mask:WARNING
Compute covariance without accounting to survey boundary effect on shape/shot noise:
Survey mask power spectrum in /n17data/cdaley/unions/code/sp_validation/cosmo_inference/data/mask/mask_cls_footprint_nside_4096_norm.txt tabulated only to l_max = 12287
This is insufficient to calculate masking effect at theta_min = 0.50 arcmin


N[i]: 2.53992e-09
N[i]: 2.50763e-09
N[i]: 2.47576e-09
N[i]: 2.44428e-09
N[i]: 2.41321e-09
N[i]: 2.38253e-09
N[i]: 2.35225e-09
N[i]: 2.32234e-09
N[i]: 2.29282e-09
N[i]: 2.26367e-09
N[i]: 2.2349e-09
N[i]: 2.20649e-09
N[i]: 2.17844e-09
N[i]: 2.15074e-09
N[i]: 2.1234e-09
N[i]: 2.09641e-09
N[i]: 2.06976e-09
N[i]: 2.04345e-09
N[i]: 2.01747e-09
N[i]: 1.99182e-09
N[i]: 1.9665e-09
N[i]: 1.9415e-09
N[i]: 1.91682e-09
N[i]: 1.89245e-09
N[i]: 1.8684e-09
N[i]: 1.84465e-09
N[i]: 1.8212e-09
N[i]: 1.79804e-09
N[i]: 1.77519e-09
N[i]: 1.75262e-09
N[i]: 1.73034e-09
N[i]: 1.70834e-09
N[i]: 1.68663e-09
N[i]: 1.66519e-09
N[i]: 1.64402e-09
N[i]: 1.62312e-09
N[i]: 1.60248e-09
N[i]: 1.58211e-09
N[i]: 1.562e-09
N[i]: 1.54214e-09
N[i]: 1.52254e-09
N[i]: 1.50318e-09
N[i]: 1.48407e-09
N[i]: 1.46521e-09
N[i]: 1.44658e-09
N[i]: 1.42819e-09
N[i]: 1.41004e-09
N[i]: 1.39211e-09
N[i]: 1.37442e-09
N[i]: 1.35694e-09
N[i]: 1.33969e-09
N[i]: 1.32266e-09
N[i]: 1.30585e-09
N[i]: 1.28925e-09
N[i]: 1.27286e-09
N[i]: 1.25668e-09
N[i]: 1.2407e-09
N[i]: 1.22493e-09
N[i]: 1.20936e-09
N[i]: 1.19398e-09
N[i]: 1.17881e-09
N[i]: 1.16382e-09
N[i]: 1.14903e-09
N[i]: 1.13442e-09
N[i]: 1.12e-09
N[i]: 1.10576e-09
N[i]: 1.0917e-09
N[i]: 1.07782e-09
N[i]: 1.06412e-09
N[i]: 1.0506e-09
N[i]: 1.03724e-09
N[i]: 1.02405e-09
N[i]: 1.01104e-09
N[i]: 9.98184e-10
N[i]: 9.85494e-10
N[i]: 9.72966e-10
N[i]: 9.60598e-10
N[i]: 9.48386e-10
N[i]: 9.3633e-10
N[i]: 9.24427e-10
N[i]: 9.12675e-10
N[i]: 9.01073e-10
N[i]: 8.89618e-10
N[i]: 8.78309e-10
N[i]: 8.67144e-10
N[i]: 8.5612e-10
N[i]: 8.45237e-10
N[i]: 8.34492e-10
N[i]: 8.23884e-10
N[i]: 8.1341e-10
N[i]: 8.0307e-10
N[i]: 7.92861e-10
N[i]: 7.82782e-10
N[i]: 7.72831e-10
N[i]: 7.63006e-10
N[i]: 7.53307e-10
N[i]: 7.4373e-10
N[i]: 7.34276e-10
N[i]: 7.24941e-10
N[i]: 7.15726e-10
N[i]: 7.06627e-10
N[i]: 6.97644e-10
N[i]: 6.88775e-10
N[i]: 6.80019e-10
N[i]: 6.71375e-10
N[i]: 6.6284e-10
N[i]: 6.54414e-10
N[i]: 6.46095e-10
N[i]: 6.37881e-10
N[i]: 6.29772e-10
N[i]: 6.21766e-10
N[i]: 6.13862e-10
N[i]: 6.06059e-10
N[i]: 5.98354e-10
N[i]: 5.90748e-10
N[i]: 5.83238e-10
N[i]: 5.75824e-10
N[i]: 5.68503e-10
N[i]: 5.61276e-10
N[i]: 5.54141e-10
N[i]: 5.47097e-10
N[i]: 5.40142e-10
N[i]: 5.33275e-10
N[i]: 5.26496e-10
N[i]: 5.19803e-10
N[i]: 5.13195e-10
N[i]: 5.06671e-10
N[i]: 5.0023e-10
N[i]: 4.93871e-10
N[i]: 4.87593e-10
N[i]: 4.81395e-10
N[i]: 4.75275e-10
N[i]: 4.69233e-10
N[i]: 4.63268e-10
N[i]: 4.57379e-10
N[i]: 4.51564e-10
N[i]: 4.45824e-10
N[i]: 4.40156e-10
N[i]: 4.34561e-10
N[i]: 4.29037e-10
N[i]: 4.23583e-10
N[i]: 4.18198e-10
N[i]: 4.12882e-10
N[i]: 4.07633e-10
N[i]: 4.02451e-10
N[i]: 3.97335e-10
N[i]: 3.92284e-10
N[i]: 3.87297e-10
N[i]: 3.82373e-10
N[i]: 3.77513e-10
N[i]: 3.72714e-10
N[i]: 3.67975e-10
N[i]: 3.63298e-10
N[i]: 3.58679e-10
N[i]: 3.5412e-10
N[i]: 3.49618e-10
N[i]: 3.45173e-10
N[i]: 3.40785e-10
N[i]: 3.36453e-10
N[i]: 3.32176e-10
N[i]: 3.27953e-10
N[i]: 3.23784e-10
N[i]: 3.19668e-10
N[i]: 3.15605e-10
N[i]: 3.11592e-10
N[i]: 3.07631e-10
N[i]: 3.03721e-10
N[i]: 2.9986e-10
N[i]: 2.96048e-10
N[i]: 2.92284e-10
N[i]: 2.88569e-10
N[i]: 2.849e-10
N[i]: 2.81278e-10
N[i]: 2.77703e-10
N[i]: 2.74172e-10
N[i]: 2.70687e-10
N[i]: 2.67246e-10
N[i]: 2.63849e-10
N[i]: 2.60495e-10
N[i]: 2.57183e-10
N[i]: 2.53914e-10
N[i]: 2.50686e-10
N[i]: 2.47499e-10
N[i]: 2.44353e-10
N[i]: 2.41246e-10
N[i]: 2.3818e-10
N[i]: 2.35152e-10
N[i]: 2.32162e-10
N[i]: 2.29211e-10
N[i]: 2.26297e-10
N[i]: 2.23421e-10
N[i]: 2.2058e-10
N[i]: 2.17776e-10
N[i]: 2.15008e-10
N[i]: 2.12275e-10
N[i]: 2.09576e-10
N[i]: 2.06912e-10
N[i]: 2.04281e-10
N[i]: 2.01685e-10
N[i]: 1.99121e-10
N[i]: 1.96589e-10
N[i]: 1.9409e-10
N[i]: 1.91623e-10
N[i]: 1.89187e-10
N[i]: 1.86782e-10
N[i]: 1.84407e-10
N[i]: 1.82063e-10
N[i]: 1.79749e-10
N[i]: 1.77464e-10
N[i]: 1.75208e-10
N[i]: 1.7298e-10
N[i]: 1.70781e-10
N[i]: 1.6861e-10
N[i]: 1.66467e-10
N[i]: 1.64351e-10
N[i]: 1.62261e-10
N[i]: 1.60199e-10
N[i]: 1.58162e-10
N[i]: 1.56152e-10
N[i]: 1.54167e-10
N[i]: 1.52207e-10
N[i]: 1.50272e-10
N[i]: 1.48362e-10
N[i]: 1.46476e-10
N[i]: 1.44613e-10
N[i]: 1.42775e-10
N[i]: 1.4096e-10
N[i]: 1.39168e-10
N[i]: 1.37399e-10
N[i]: 1.35652e-10
N[i]: 1.33928e-10
N[i]: 1.32225e-10
N[i]: 1.30544e-10
N[i]: 1.28885e-10
N[i]: 1.27246e-10
N[i]: 1.25629e-10
N[i]: 1.24032e-10
N[i]: 1.22455e-10
N[i]: 1.20898e-10
N[i]: 1.19361e-10
N[i]: 1.17844e-10
N[i]: 1.16346e-10
N[i]: 1.14867e-10
N[i]: 1.13407e-10
N[i]: 1.11965e-10
N[i]: 1.10542e-10
N[i]: 1.09137e-10
N[i]: 1.07749e-10
N[i]: 1.06379e-10
N[i]: 1.05027e-10
N[i]: 1.03692e-10
N[i]: 1.02374e-10
N[i]: 1.01072e-10
N[i]: 9.97875e-11
N[i]: 9.85189e-11
N[i]: 9.72665e-11
N[i]: 9.603e-11
N[i]: 9.48093e-11
N[i]: 9.3604e-11
N[i]: 9.24141e-11
N[i]: 9.12393e-11
N[i]: 9.00794e-11
N[i]: 8.89343e-11
N[i]: 8.78037e-11
N[i]: 8.66875e-11
N[i]: 8.55855e-11
N[i]: 8.44975e-11
N[i]: 8.34234e-11
N[i]: 8.23629e-11
N[i]: 8.13158e-11
N[i]: 8.02821e-11
N[i]: 7.92615e-11
N[i]: 7.82539e-11
N[i]: 7.72592e-11
N[i]: 7.6277e-11
N[i]: 7.53073e-11
N[i]: 7.435e-11
N[i]: 7.34048e-11
N[i]: 7.24717e-11
N[i]: 7.15504e-11
N[i]: 7.06408e-11
N[i]: 6.97428e-11
N[i]: 6.88562e-11
N[i]: 6.79809e-11
N[i]: 6.71167e-11
N[i]: 6.62635e-11
N[i]: 6.54211e-11
N[i]: 6.45895e-11
N[i]: 6.37684e-11
N[i]: 6.29577e-11
N[i]: 6.21574e-11
N[i]: 6.13672e-11
N[i]: 6.05871e-11
N[i]: 5.98169e-11
N[i]: 5.90565e-11
N[i]: 5.83057e-11
N[i]: 5.75645e-11
N[i]: 5.68328e-11
N[i]: 5.61103e-11
N[i]: 5.5397e-11
N[i]: 5.46928e-11
N[i]: 5.39975e-11
N[i]: 5.3311e-11
N[i]: 5.26333e-11
N[i]: 5.19642e-11
N[i]: 5.13036e-11
N[i]: 5.06515e-11
N[i]: 5.00076e-11
N[i]: 4.93718e-11
N[i]: 4.87442e-11
N[i]: 4.81246e-11
N[i]: 4.75128e-11
N[i]: 4.69088e-11
N[i]: 4.63125e-11
N[i]: 4.57237e-11
N[i]: 4.51425e-11
N[i]: 4.45686e-11
N[i]: 4.4002e-11
N[i]: 4.34427e-11
N[i]: 4.28904e-11
N[i]: 4.23452e-11
N[i]: 4.18068e-11
N[i]: 4.12754e-11
N[i]: 4.07507e-11
N[i]: 4.02326e-11
N[i]: 3.97212e-11
N[i]: 3.92162e-11
N[i]: 3.87177e-11
N[i]: 3.82255e-11
N[i]: 3.77396e-11
N[i]: 3.72598e-11
N[i]: 3.67862e-11
N[i]: 3.63185e-11
N[i]: 3.58568e-11
N[i]: 3.5401e-11
N[i]: 3.4951e-11
N[i]: 3.45067e-11
N[i]: 3.4068e-11
N[i]: 3.36349e-11
N[i]: 3.32073e-11
N[i]: 3.27852e-11
N[i]: 3.23684e-11
N[i]: 3.19569e-11
N[i]: 3.15507e-11
N[i]: 3.11496e-11
N[i]: 3.07536e-11
N[i]: 3.03627e-11
N[i]: 2.99767e-11
N[i]: 2.95956e-11
N[i]: 2.92194e-11
N[i]: 2.88479e-11
N[i]: 2.84812e-11
N[i]: 2.81191e-11
N[i]: 2.77617e-11
N[i]: 2.74088e-11
N[i]: 2.70603e-11
N[i]: 2.67163e-11
N[i]: 2.63767e-11
N[i]: 2.60414e-11
N[i]: 2.57103e-11
N[i]: 2.53835e-11
N[i]: 2.50608e-11
N[i]: 2.47422e-11
N[i]: 2.44277e-11
N[i]: 2.41172e-11
N[i]: 2.38106e-11
N[i]: 2.35079e-11
N[i]: 2.32091e-11
N[i]: 2.2914e-11
N[i]: 2.26227e-11
N[i]: 2.23351e-11
N[i]: 2.20512e-11
N[i]: 2.17709e-11
N[i]: 2.14941e-11
N[i]: 2.12209e-11
N[i]: 2.09511e-11
N[i]: 2.06848e-11
N[i]: 2.04218e-11
N[i]: 2.01622e-11
N[i]: 1.99059e-11
N[i]: 1.96529e-11
N[i]: 1.9403e-11
N[i]: 1.91564e-11
N[i]: 1.89128e-11
N[i]: 1.86724e-11
N[i]: 1.8435e-11
N[i]: 1.82007e-11
N[i]: 1.79693e-11
N[i]: 1.77409e-11
N[i]: 1.75154e-11
N[i]: 1.72927e-11
N[i]: 1.70729e-11
N[i]: 1.68558e-11
N[i]: 1.66415e-11
N[i]: 1.643e-11
N[i]: 1.62211e-11
N[i]: 1.60149e-11
N[i]: 1.58113e-11
N[i]: 1.56103e-11
N[i]: 1.54119e-11
N[i]: 1.5216e-11
N[i]: 1.50225e-11
N[i]: 1.48316e-11
N[i]: 1.4643e-11
N[i]: 1.44569e-11
N[i]: 1.42731e-11
N[i]: 1.40916e-11
N[i]: 1.39125e-11
N[i]: 1.37356e-11
N[i]: 1.3561e-11
N[i]: 1.33886e-11
N[i]: 1.32184e-11
N[i]: 1.30504e-11
N[i]: 1.28845e-11
N[i]: 1.27207e-11
N[i]: 1.2559e-11
N[i]: 1.23993e-11
N[i]: 1.22417e-11
N[i]: 1.20861e-11
N[i]: 1.19325e-11
N[i]: 1.17808e-11
N[i]: 1.1631e-11
N[i]: 1.14831e-11
N[i]: 1.13372e-11
N[i]: 1.1193e-11
N[i]: 1.10508e-11
N[i]: 1.09103e-11
N[i]: 1.07716e-11
N[i]: 1.06346e-11
N[i]: 1.04995e-11
N[i]: 1.0366e-11
N[i]: 1.02342e-11
N[i]: 1.01041e-11
N[i]: 9.97566e-12
N[i]: 9.84884e-12
N[i]: 9.72364e-12
N[i]: 9.60003e-12
N[i]: 9.47799e-12
N[i]: 9.3575e-12
N[i]: 9.23855e-12
N[i]: 9.1211e-12
N[i]: 9.00515e-12
N[i]: 8.89068e-12
N[i]: 8.77766e-12
N[i]: 8.66607e-12
N[i]: 8.5559e-12
N[i]: 8.44714e-12
N[i]: 8.33976e-12
N[i]: 8.23374e-12
N[i]: 8.12907e-12
N[i]: 8.02573e-12
N[i]: 7.9237e-12
N[i]: 7.82297e-12
N[i]: 7.72352e-12
N[i]: 7.62534e-12
N[i]: 7.5284e-12
N[i]: 7.4327e-12
N[i]: 7.33821e-12
N[i]: 7.24493e-12
N[i]: 7.15283e-12
N[i]: 7.0619e-12
N[i]: 6.97212e-12
N[i]: 6.88349e-12
N[i]: 6.79599e-12
N[i]: 6.70959e-12
N[i]: 6.6243e-12
N[i]: 6.54009e-12
N[i]: 6.45695e-12
N[i]: 6.37486e-12
N[i]: 6.29382e-12
N[i]: 6.21382e-12
N[i]: 6.13482e-12
N[i]: 6.05683e-12
N[i]: 5.97984e-12
N[i]: 5.90382e-12
N[i]: 5.82877e-12
N[i]: 5.75467e-12
N[i]: 5.68152e-12
N[i]: 5.60929e-12
N[i]: 5.53798e-12
N[i]: 5.46758e-12
N[i]: 5.39808e-12
N[i]: 5.32945e-12
N[i]: 5.2617e-12
N[i]: 5.19482e-12
N[i]: 5.12878e-12
N[i]: 5.06358e-12
N[i]: 4.99921e-12
N[i]: 4.93566e-12
N[i]: 4.87291e-12
N[i]: 4.81097e-12
N[i]: 4.74981e-12
N[i]: 4.68943e-12
N[i]: 4.62981e-12
N[i]: 4.57096e-12
N[i]: 4.51285e-12
N[i]: 4.45548e-12
N[i]: 4.39884e-12
N[i]: 4.34292e-12
N[i]: 4.28771e-12
N[i]: 4.2332e-12
N[i]: 4.17939e-12
N[i]: 4.12626e-12
N[i]: 4.07381e-12
N[i]: 4.02202e-12
N[i]: 3.97089e-12
N[i]: 3.92041e-12
N[i]: 3.87057e-12
N[i]: 3.82137e-12
N[i]: 3.77279e-12
N[i]: 3.72483e-12
N[i]: 3.67748e-12
N[i]: 3.63073e-12
N[i]: 3.58457e-12
N[i]: 3.539e-12
N[i]: 3.49401e-12
N[i]: 3.4496e-12
N[i]: 3.40574e-12
N[i]: 3.36245e-12
N[i]: 3.31971e-12
N[i]: 3.2775e-12
N[i]: 3.23584e-12
N[i]: 3.1947e-12
N[i]: 3.15409e-12
N[i]: 3.114e-12
N[i]: 3.07441e-12
N[i]: 3.03533e-12
N[i]: 2.99674e-12
N[i]: 2.95864e-12
N[i]: 2.92103e-12
N[i]: 2.8839e-12
N[i]: 2.84724e-12
N[i]: 2.81104e-12
N[i]: 2.77531e-12
N[i]: 2.74003e-12
N[i]: 2.7052e-12
N[i]: 2.67081e-12
N[i]: 2.63685e-12
N[i]: 2.60333e-12
N[i]: 2.57024e-12
N[i]: 2.53756e-12
N[i]: 2.50531e-12
N[i]: 2.47346e-12
N[i]: 2.44201e-12
N[i]: 2.41097e-12
N[i]: 2.38032e-12
N[i]: 2.35006e-12
N[i]: 2.32019e-12
N[i]: 2.29069e-12
N[i]: 2.26157e-12
N[i]: 2.23282e-12
N[i]: 2.20444e-12
N[i]: 2.17641e-12
N[i]: 2.14875e-12
N[i]: 2.12143e-12
N[i]: 2.09446e-12
N[i]: 2.06784e-12
N[i]: 2.04155e-12
N[i]: 2.0156e-12
N[i]: 1.98997e-12
N[i]: 1.96468e-12
N[i]: 1.9397e-12
N[i]: 1.91504e-12
N[i]: 1.8907e-12
N[i]: 1.86666e-12
N[i]: 1.84293e-12
N[i]: 1.81951e-12
N[i]: 1.79637e-12
N[i]: 1.77354e-12
N[i]: 1.75099e-12
N[i]: 1.72873e-12
N[i]: 1.70676e-12
N[i]: 1.68506e-12
N[i]: 1.66364e-12
N[i]: 1.64249e-12
N[i]: 1.62161e-12
N[i]: 1.601e-12
N[i]: 1.58064e-12
N[i]: 1.56055e-12
N[i]: 1.54071e-12
N[i]: 1.52113e-12
N[i]: 1.50179e-12
N[i]: 1.4827e-12
N[i]: 1.46385e-12
N[i]: 1.44524e-12
N[i]: 1.42687e-12
N[i]: 1.40873e-12
N[i]: 1.39082e-12
N[i]: 1.37314e-12
N[i]: 1.35568e-12
N[i]: 1.33845e-12
N[i]: 1.32143e-12
N[i]: 1.30464e-12
N[i]: 1.28805e-12
N[i]: 1.27168e-12
N[i]: 1.25551e-12
N[i]: 1.23955e-12
N[i]: 1.22379e-12
N[i]: 1.20824e-12
N[i]: 1.19288e-12
N[i]: 1.17771e-12
N[i]: 1.16274e-12
N[i]: 1.14796e-12
N[i]: 1.13337e-12
N[i]: 1.11896e-12
N[i]: 1.10473e-12
N[i]: 1.09069e-12
N[i]: 1.07682e-12
N[i]: 1.06314e-12
N[i]: 1.04962e-12
N[i]: 1.03628e-12
N[i]: 1.0231e-12
N[i]: 1.0101e-12
N[i]: 9.97257e-13
N[i]: 9.84579e-13
N[i]: 9.72063e-13
N[i]: 9.59706e-13
N[i]: 9.47506e-13
N[i]: 9.35461e-13
N[i]: 9.23569e-13
N[i]: 9.11828e-13
N[i]: 9.00237e-13
N[i]: 8.88792e-13
N[i]: 8.77494e-13
N[i]: 8.66339e-13
N[i]: 8.55326e-13
N[i]: 8.44452e-13
N[i]: 8.33717e-13
N[i]: 8.23119e-13
N[i]: 8.12655e-13
N[i]: 8.02324e-13
N[i]: 7.92125e-13
N[i]: 7.82055e-13
N[i]: 7.72113e-13
N[i]: 7.62298e-13
N[i]: 7.52607e-13
N[i]: 7.4304e-13
N[i]: 7.33594e-13
N[i]: 7.24268e-13
N[i]: 7.15061e-13
N[i]: 7.05971e-13
N[i]: 6.96997e-13
N[i]: 6.88136e-13
N[i]: 6.79388e-13
N[i]: 6.70752e-13
N[i]: 6.62225e-13
N[i]: 6.53806e-13
N[i]: 6.45495e-13
N[i]: 6.37289e-13
N[i]: 6.29188e-13
N[i]: 6.21189e-13
N[i]: 6.13292e-13
N[i]: 6.05496e-13
N[i]: 5.97799e-13
N[i]: 5.90199e-13
N[i]: 5.82696e-13
N[i]: 5.75289e-13
N[i]: 5.67976e-13
N[i]: 5.60755e-13
N[i]: 5.53627e-13
N[i]: 5.46589e-13
N[i]: 5.39641e-13
N[i]: 5.3278e-13
N[i]: 5.26008e-13
N[i]: 5.19321e-13
N[i]: 5.12719e-13
N[i]: 5.06201e-13
N[i]: 4.99766e-13
N[i]: 4.93413e-13
N[i]: 4.8714e-13
N[i]: 4.80948e-13
N[i]: 4.74834e-13
N[i]: 4.68797e-13
N[i]: 4.62838e-13
N[i]: 4.56954e-13
N[i]: 4.51145e-13
N[i]: 4.4541e-13
N[i]: 4.39748e-13
N[i]: 4.34158e-13
N[i]: 4.28638e-13
N[i]: 4.23189e-13
N[i]: 4.1781e-13
N[i]: 4.12498e-13
N[i]: 4.07255e-13
N[i]: 4.02077e-13
N[i]: 3.96966e-13
N[i]: 3.9192e-13
N[i]: 3.86937e-13
N[i]: 3.82019e-13
N[i]: 3.77162e-13
N[i]: 3.72368e-13
N[i]: 3.67634e-13
N[i]: 3.6296e-13
N[i]: 3.58346e-13
N[i]: 3.53791e-13
N[i]: 3.49293e-13
N[i]: 3.44853e-13
N[i]: 3.40469e-13
N[i]: 3.36141e-13
N[i]: 3.31868e-13
N[i]: 3.27649e-13
N[i]: 3.23484e-13
N[i]: 3.19372e-13
N[i]: 3.15312e-13
N[i]: 3.11303e-13
N[i]: 3.07346e-13
N[i]: 3.03439e-13
N[i]: 2.99581e-13
N[i]: 2.95773e-13
N[i]: 2.92013e-13
N[i]: 2.88301e-13
N[i]: 2.84636e-13
N[i]: 2.81017e-13
N[i]: 2.77445e-13
N[i]: 2.73918e-13
N[i]: 2.70436e-13
N[i]: 2.66998e-13
N[i]: 2.63604e-13
N[i]: 2.60253e-13
N[i]: 2.56944e-13
N[i]: 2.53678e-13
N[i]: 2.50453e-13
N[i]: 2.47269e-13
N[i]: 2.44126e-13
N[i]: 2.41022e-13
N[i]: 2.37958e-13
N[i]: 2.34933e-13
N[i]: 2.31947e-13
N[i]: 2.28998e-13
N[i]: 2.26087e-13
N[i]: 2.23213e-13
N[i]: 2.20376e-13
N[i]: 2.17574e-13
N[i]: 2.14808e-13
N[i]: 2.12077e-13
N[i]: 2.09381e-13
N[i]: 2.0672e-13
N[i]: 2.04092e-13
N[i]: 2.01497e-13
N[i]: 1.98936e-13
N[i]: 1.96407e-13
N[i]: 1.9391e-13
N[i]: 1.91445e-13
N[i]: 1.89011e-13
N[i]: 1.86609e-13
N[i]: 1.84236e-13
N[i]: 1.81894e-13
N[i]: 1.79582e-13
N[i]: 1.77299e-13
N[i]: 1.75045e-13
N[i]: 1.7282e-13
N[i]: 1.70623e-13
N[i]: 1.68454e-13
N[i]: 1.66312e-13
N[i]: 1.64198e-13
N[i]: 1.62111e-13
N[i]: 1.6005e-13
N[i]: 1.58015e-13
N[i]: 1.56007e-13
N[i]: 1.54023e-13
N[i]: 1.52065e-13
N[i]: 1.50132e-13
N[i]: 1.48224e-13
N[i]: 1.4634e-13
N[i]: 1.44479e-13
N[i]: 1.42643e-13
N[i]: 1.40829e-13
N[i]: 1.39039e-13
N[i]: 1.37271e-13
N[i]: 1.35526e-13
N[i]: 1.33804e-13
N[i]: 1.32103e-13
N[i]: 1.30423e-13
N[i]: 1.28765e-13
N[i]: 1.27128e-13
N[i]: 1.25512e-13
N[i]: 1.23917e-13
N[i]: 1.22341e-13
N[i]: 1.20786e-13
N[i]: 1.19251e-13
N[i]: 1.17735e-13
N[i]: 1.16238e-13
N[i]: 1.1476e-13
N[i]: 1.13301e-13
N[i]: 1.11861e-13
N[i]: 1.10439e-13
N[i]: 1.09035e-13
N[i]: 1.07649e-13
N[i]: 1.06281e-13
N[i]: 1.0493e-13
N[i]: 1.03596e-13
N[i]: 1.02279e-13
N[i]: 1.00979e-13
N[i]: 9.96948e-14
N[i]: 9.84275e-14
N[i]: 9.71762e-14
N[i]: 9.59409e-14
N[i]: 9.47213e-14
N[i]: 9.35171e-14
N[i]: 9.23283e-14
N[i]: 9.11546e-14
N[i]: 8.99958e-14
N[i]: 8.88517e-14
N[i]: 8.77222e-14
N[i]: 8.66071e-14
N[i]: 8.55061e-14
N[i]: 8.44191e-14
N[i]: 8.33459e-14
N[i]: 8.22864e-14
N[i]: 8.12404e-14
N[i]: 8.02076e-14
N[i]: 7.9188e-14
N[i]: 7.81813e-14
N[i]: 7.71874e-14
N[i]: 7.62062e-14
N[i]: 7.52374e-14
N[i]: 7.4281e-14
N[i]: 7.33367e-14
N[i]: 7.24044e-14
N[i]: 7.1484e-14
N[i]: 7.05753e-14
N[i]: 6.96781e-14
N[i]: 6.87923e-14
N[i]: 6.79178e-14
N[i]: 6.70544e-14
N[i]: 6.6202e-14
N[i]: 6.53604e-14
N[i]: 6.45295e-14
N[i]: 6.37092e-14
N[i]: 6.28993e-14
N[i]: 6.20997e-14
N[i]: 6.13103e-14
N[i]: 6.05309e-14
N[i]: 5.97614e-14
N[i]: 5.90017e-14
N[i]: 5.82516e-14
N[i]: 5.75111e-14
N[i]: 5.678e-14
N[i]: 5.60582e-14
N[i]: 5.53456e-14
N[i]: 5.4642e-14
N[i]: 5.39473e-14
N[i]: 5.32616e-14
N[i]: 5.25845e-14
N[i]: 5.1916e-14
N[i]: 5.1256e-14
N[i]: 5.06044e-14
N[i]: 4.99611e-14
N[i]: 4.9326e-14
N[i]: 4.8699e-14
N[i]: 4.80799e-14
N[i]: 4.74687e-14
N[i]: 4.68652e-14
N[i]: 4.62695e-14
N[i]: 4.56813e-14
N[i]: 4.51006e-14
N[i]: 4.45272e-14
N[i]: 4.39612e-14
N[i]: 4.34023e-14
N[i]: 4.28506e-14
N[i]: 4.23058e-14
N[i]: 4.1768e-14
N[i]: 4.12371e-14
N[i]: 4.07128e-14
N[i]: 4.01953e-14
N[i]: 3.96843e-14
N[i]: 3.91798e-14
N[i]: 3.86818e-14
N[i]: 3.819e-14
N[i]: 3.77045e-14
N[i]: 3.72252e-14
N[i]: 3.6752e-14
N[i]: 3.62848e-14
N[i]: 3.58235e-14
N[i]: 3.53681e-14
N[i]: 3.49185e-14
N[i]: 3.44746e-14
N[i]: 3.40364e-14
N[i]: 3.36037e-14
N[i]: 3.31765e-14
N[i]: 3.27548e-14
N[i]: 3.23384e-14
N[i]: 3.19273e-14
N[i]: 3.15214e-14
N[i]: 3.11207e-14
N[i]: 3.07251e-14
N[i]: 3.03345e-14
N[i]: 2.99489e-14
N[i]: 2.95681e-14
N[i]: 2.91923e-14
N[i]: 2.88211e-14
N[i]: 2.84548e-14
N[i]: 2.8093e-14
N[i]: 2.77359e-14
N[i]: 2.73833e-14
N[i]: 2.70352e-14
N[i]: 2.66915e-14
N[i]: 2.63522e-14
N[i]: 2.60172e-14
N[i]: 2.56865e-14
N[i]: 2.53599e-14
N[i]: 2.50376e-14
N[i]: 2.47193e-14
N[i]: 2.4405e-14
N[i]: 2.40948e-14
N[i]: 2.37885e-14
N[i]: 2.34861e-14
N[i]: 2.31875e-14
N[i]: 2.28927e-14
N[i]: 2.26017e-14
N[i]: 2.23144e-14
N[i]: 2.20307e-14
N[i]: 2.17507e-14
N[i]: 2.14742e-14
N[i]: 2.12012e-14
N[i]: 2.09317e-14
N[i]: 2.06656e-14
N[i]: 2.04029e-14
N[i]: 2.01435e-14
N[i]: 1.98874e-14
N[i]: 1.96346e-14
N[i]: 1.9385e-14
N[i]: 1.91386e-14
N[i]: 1.88953e-14
N[i]: 1.86551e-14
N[i]: 1.84179e-14
N[i]: 1.81838e-14
N[i]: 1.79526e-14
N[i]: 1.77244e-14
N[i]: 1.74991e-14
N[i]: 1.72766e-14
N[i]: 1.7057e-14
N[i]: 1.68402e-14
N[i]: 1.66261e-14
N[i]: 1.64147e-14
N[i]: 1.62061e-14
N[i]: 1.60001e-14
N[i]: 1.57967e-14
N[i]: 1.55958e-14
N[i]: 1.53976e-14
N[i]: 1.52018e-14
N[i]: 1.50086e-14
N[i]: 1.48178e-14
N[i]: 1.46294e-14
N[i]: 1.44435e-14
N[i]: 1.42598e-14
N[i]: 1.40786e-14
N[i]: 1.38996e-14
N[i]: 1.37229e-14
N[i]: 1.35484e-14
N[i]: 1.33762e-14
N[i]: 1.32062e-14
N[i]: 1.30383e-14
N[i]: 1.28725e-14
N[i]: 1.27089e-14
N[i]: 1.25473e-14
N[i]: 1.23878e-14
N[i]: 1.22304e-14
N[i]: 1.20749e-14
N[i]: 1.19214e-14
N[i]: 1.17698e-14
N[i]: 1.16202e-14
N[i]: 1.14725e-14
N[i]: 1.13266e-14
N[i]: 1.11827e-14
N[i]: 1.10405e-14
N[i]: 1.09001e-14
N[i]: 1.07616e-14
N[i]: 1.06248e-14
N[i]: 1.04897e-14
N[i]: 1.03564e-14
N[i]: 1.02247e-14
N[i]: 1.00947e-14
N[i]: 9.9664e-15
N[i]: 9.8397e-15
N[i]: 9.71461e-15
N[i]: 9.59112e-15
N[i]: 9.46919e-15
N[i]: 9.34882e-15
N[i]: 9.22997e-15
N[i]: 9.11264e-15
N[i]: 8.99679e-15
N[i]: 8.88242e-15
N[i]: 8.76951e-15
N[i]: 8.65803e-15
N[i]: 8.54796e-15
N[i]: 8.4393e-15
N[i]: 8.33201e-15
N[i]: 8.22609e-15
N[i]: 8.12152e-15
N[i]: 8.01828e-15
N[i]: 7.91635e-15
N[i]: 7.81571e-15
N[i]: 7.71635e-15
N[i]: 7.61826e-15
N[i]: 7.52141e-15
N[i]: 7.4258e-15
N[i]: 7.3314e-15
N[i]: 7.2382e-15
N[i]: 7.14619e-15
number of cov blocks for parallelization: 3
-----------------
PROGRAM EXECUTED
-----------------
