Omega_m 0.309660 
Omega_v 0.690340 
sigma_8 0.810200 
n_spec 0.966500 
w0 -1.000000 
wa 0.000000 
omb 0.048970 
h0 0.676600 
h0 0.676600 
h0 0.676600 
h0 0.676600 
area 2517.021356 
sourcephotoz multihisto 
lensphotoz multihisto 
number of source tomo bins 1 
number of lens tomo bins 1 
sigmae 0.379740 
tomo.n_source[0]=4.983324 
ngal 4.983324 
tomo.n_lens_ij[0][0]=4.983324 
nlens 4.983324 
tomo.n_lens_ij[0][0]=4.983324 
nlens 9.966647 
tomo.n_lens_ij[0][0]=4.983324 
nlens 14.949971 
shear_REDSHIFT_FILE /n17data/sguerrini/UNIONS/WL/nz/v1.4.8/nz_SP_v1.4.8_A.txt 
clustering_REDSHIFT_FILE /n17data/sguerrini/UNIONS/WL/nz/v1.4.8/nz_SP_v1.4.8_A.txt 
IA = 1 
A_ia = 0.000000 
eta_ia = 0.000000 
eta_ia = 0.000000 
eta_ia = 0.000000 
C_FOOTPRINT_FILE /n17data/cdaley/unions/code/sp_validation/cosmo_inference/data/mask/mask_cls_footprint_starhalo_nside_4096_norm.txt 
C_FOOTPRINT_FILE /n17data/cdaley/unions/code/sp_validation/cosmo_inference/data/mask/mask_cls_footprint_starhalo_nside_4096_norm.txt 
C_FOOTPRINT_FILE /n17data/cdaley/unions/code/sp_validation/cosmo_inference/data/mask/mask_cls_footprint_starhalo_nside_4096_norm.txt 
tmin 0.000145 
tmax 0.087266 
ntheta 1000 
ng 0 
cng 0 
cng 0 
cng 0 
outdir ./ 
filename cov_tmp 
ss true 
ls false 
ll false 
Source redshifts: multi-histo file /n17data/sguerrini/UNIONS/WL/nz/v1.4.8/nz_SP_v1.4.8_A.txt, containing 1 tomography bins
redshift_spline.c 200 1.000000e-05 5.000000e+00
tomo.shear_zmin[0] = 0.000,tomo.shear_zmax[0] = 4.700
bin 0: <z_s>=0.626640
like.IA: 1, using parameters A_ia, eta_ia
WARNING
	oneplusz0_ia is not set correctly!
	using DES-Y3 value z0 = 0.62constant oneplusz0_ia is set: 1.620000
A_ia = 0.000000, eta_ia = 0.000000 
init_source_sample complete
Lens redshifts: multi-histo file /n17data/sguerrini/UNIONS/WL/nz/v1.4.8/nz_SP_v1.4.8_A.txt, containing 1 tomography bins
1 Clustering Powerspectra
tomo.clustering_zmin[0] = 0.000,tomo.clustering_zmax[0] = 4.700
1 GGL Powerspectra
init_lens_sample complete
running multi_covariance_real with NG = 0, cNG = 0
numbers of powers: 1, 1, 1 
N_shear1 = 0 (0,0)
N_shear2 = 0 (0, 0)
redshift.shear_photoz = 4, using tabulated tomo.n_source = 4.983324e+00,



covariances_3D.c:w_mask:WARNING
Compute covariance without accounting to survey boundary effect on shape/shot noise:
Survey mask power spectrum in /n17data/cdaley/unions/code/sp_validation/cosmo_inference/data/mask/mask_cls_footprint_starhalo_nside_4096_norm.txt tabulated only to l_max = 12287
This is insufficient to calculate masking effect at theta_min = 0.50 arcmin


N[i]: 4.56893e-09
N[i]: 4.51085e-09
N[i]: 4.4535e-09
N[i]: 4.39689e-09
N[i]: 4.34099e-09
N[i]: 4.28581e-09
N[i]: 4.23133e-09
N[i]: 4.17754e-09
N[i]: 4.12443e-09
N[i]: 4.072e-09
N[i]: 4.02023e-09
N[i]: 3.96913e-09
N[i]: 3.91867e-09
N[i]: 3.86885e-09
N[i]: 3.81967e-09
N[i]: 3.77111e-09
N[i]: 3.72317e-09
N[i]: 3.67584e-09
N[i]: 3.62912e-09
N[i]: 3.58298e-09
N[i]: 3.53743e-09
N[i]: 3.49246e-09
N[i]: 3.44807e-09
N[i]: 3.40423e-09
N[i]: 3.36096e-09
N[i]: 3.31823e-09
N[i]: 3.27605e-09
N[i]: 3.2344e-09
N[i]: 3.19329e-09
N[i]: 3.15269e-09
N[i]: 3.11261e-09
N[i]: 3.07304e-09
N[i]: 3.03398e-09
N[i]: 2.99541e-09
N[i]: 2.95733e-09
N[i]: 2.91974e-09
N[i]: 2.88262e-09
N[i]: 2.84597e-09
N[i]: 2.8098e-09
N[i]: 2.77408e-09
N[i]: 2.73881e-09
N[i]: 2.70399e-09
N[i]: 2.66962e-09
N[i]: 2.63568e-09
N[i]: 2.60218e-09
N[i]: 2.5691e-09
N[i]: 2.53644e-09
N[i]: 2.50419e-09
N[i]: 2.47236e-09
N[i]: 2.44093e-09
N[i]: 2.4099e-09
N[i]: 2.37926e-09
N[i]: 2.34902e-09
N[i]: 2.31916e-09
N[i]: 2.28968e-09
N[i]: 2.26057e-09
N[i]: 2.23183e-09
N[i]: 2.20346e-09
N[i]: 2.17545e-09
N[i]: 2.14779e-09
N[i]: 2.12049e-09
N[i]: 2.09353e-09
N[i]: 2.06692e-09
N[i]: 2.04064e-09
N[i]: 2.0147e-09
N[i]: 1.98909e-09
N[i]: 1.9638e-09
N[i]: 1.93884e-09
N[i]: 1.91419e-09
N[i]: 1.88986e-09
N[i]: 1.86583e-09
N[i]: 1.84212e-09
N[i]: 1.8187e-09
N[i]: 1.79558e-09
N[i]: 1.77275e-09
N[i]: 1.75022e-09
N[i]: 1.72797e-09
N[i]: 1.706e-09
N[i]: 1.68431e-09
N[i]: 1.6629e-09
N[i]: 1.64176e-09
N[i]: 1.62089e-09
N[i]: 1.60029e-09
N[i]: 1.57994e-09
N[i]: 1.55986e-09
N[i]: 1.54003e-09
N[i]: 1.52045e-09
N[i]: 1.50112e-09
N[i]: 1.48204e-09
N[i]: 1.4632e-09
N[i]: 1.4446e-09
N[i]: 1.42623e-09
N[i]: 1.4081e-09
N[i]: 1.3902e-09
N[i]: 1.37253e-09
N[i]: 1.35508e-09
N[i]: 1.33786e-09
N[i]: 1.32085e-09
N[i]: 1.30406e-09
N[i]: 1.28748e-09
N[i]: 1.27111e-09
N[i]: 1.25495e-09
N[i]: 1.239e-09
N[i]: 1.22325e-09
N[i]: 1.2077e-09
N[i]: 1.19235e-09
N[i]: 1.17719e-09
N[i]: 1.16222e-09
N[i]: 1.14745e-09
N[i]: 1.13286e-09
N[i]: 1.11846e-09
N[i]: 1.10424e-09
N[i]: 1.09021e-09
N[i]: 1.07635e-09
N[i]: 1.06266e-09
N[i]: 1.04915e-09
N[i]: 1.03582e-09
N[i]: 1.02265e-09
N[i]: 1.00965e-09
N[i]: 9.96814e-10
N[i]: 9.84142e-10
N[i]: 9.71632e-10
N[i]: 9.5928e-10
N[i]: 9.47085e-10
N[i]: 9.35045e-10
N[i]: 9.23159e-10
N[i]: 9.11423e-10
N[i]: 8.99837e-10
N[i]: 8.88398e-10
N[i]: 8.77104e-10
N[i]: 8.65954e-10
N[i]: 8.54946e-10
N[i]: 8.44077e-10
N[i]: 8.33347e-10
N[i]: 8.22753e-10
N[i]: 8.12294e-10
N[i]: 8.01968e-10
N[i]: 7.91773e-10
N[i]: 7.81708e-10
N[i]: 7.71771e-10
N[i]: 7.6196e-10
N[i]: 7.52273e-10
N[i]: 7.4271e-10
N[i]: 7.33268e-10
N[i]: 7.23947e-10
N[i]: 7.14744e-10
N[i]: 7.05658e-10
N[i]: 6.96687e-10
N[i]: 6.87831e-10
N[i]: 6.79087e-10
N[i]: 6.70454e-10
N[i]: 6.61931e-10
N[i]: 6.53516e-10
N[i]: 6.45208e-10
N[i]: 6.37006e-10
N[i]: 6.28908e-10
N[i]: 6.20913e-10
N[i]: 6.1302e-10
N[i]: 6.05227e-10
N[i]: 5.97533e-10
N[i]: 5.89937e-10
N[i]: 5.82438e-10
N[i]: 5.75034e-10
N[i]: 5.67724e-10
N[i]: 5.60506e-10
N[i]: 5.53381e-10
N[i]: 5.46346e-10
N[i]: 5.39401e-10
N[i]: 5.32544e-10
N[i]: 5.25774e-10
N[i]: 5.1909e-10
N[i]: 5.12491e-10
N[i]: 5.05976e-10
N[i]: 4.99544e-10
N[i]: 4.93194e-10
N[i]: 4.86924e-10
N[i]: 4.80734e-10
N[i]: 4.74623e-10
N[i]: 4.68589e-10
N[i]: 4.62632e-10
N[i]: 4.56751e-10
N[i]: 4.50945e-10
N[i]: 4.45212e-10
N[i]: 4.39553e-10
N[i]: 4.33965e-10
N[i]: 4.28448e-10
N[i]: 4.23002e-10
N[i]: 4.17624e-10
N[i]: 4.12315e-10
N[i]: 4.07074e-10
N[i]: 4.01899e-10
N[i]: 3.9679e-10
N[i]: 3.91746e-10
N[i]: 3.86766e-10
N[i]: 3.81849e-10
N[i]: 3.76995e-10
N[i]: 3.72202e-10
N[i]: 3.67471e-10
N[i]: 3.62799e-10
N[i]: 3.58187e-10
N[i]: 3.53634e-10
N[i]: 3.49138e-10
N[i]: 3.447e-10
N[i]: 3.40318e-10
N[i]: 3.35992e-10
N[i]: 3.3172e-10
N[i]: 3.27503e-10
N[i]: 3.2334e-10
N[i]: 3.1923e-10
N[i]: 3.15172e-10
N[i]: 3.11165e-10
N[i]: 3.07209e-10
N[i]: 3.03304e-10
N[i]: 2.99448e-10
N[i]: 2.95642e-10
N[i]: 2.91883e-10
N[i]: 2.88173e-10
N[i]: 2.84509e-10
N[i]: 2.80893e-10
N[i]: 2.77322e-10
N[i]: 2.73796e-10
N[i]: 2.70316e-10
N[i]: 2.66879e-10
N[i]: 2.63487e-10
N[i]: 2.60137e-10
N[i]: 2.5683e-10
N[i]: 2.53565e-10
N[i]: 2.50342e-10
N[i]: 2.47159e-10
N[i]: 2.44017e-10
N[i]: 2.40915e-10
N[i]: 2.37853e-10
N[i]: 2.34829e-10
N[i]: 2.31844e-10
N[i]: 2.28897e-10
N[i]: 2.25987e-10
N[i]: 2.23114e-10
N[i]: 2.20278e-10
N[i]: 2.17477e-10
N[i]: 2.14713e-10
N[i]: 2.11983e-10
N[i]: 2.09288e-10
N[i]: 2.06628e-10
N[i]: 2.04001e-10
N[i]: 2.01408e-10
N[i]: 1.98847e-10
N[i]: 1.9632e-10
N[i]: 1.93824e-10
N[i]: 1.9136e-10
N[i]: 1.88927e-10
N[i]: 1.86526e-10
N[i]: 1.84154e-10
N[i]: 1.81813e-10
N[i]: 1.79502e-10
N[i]: 1.7722e-10
N[i]: 1.74967e-10
N[i]: 1.72743e-10
N[i]: 1.70547e-10
N[i]: 1.68379e-10
N[i]: 1.66239e-10
N[i]: 1.64125e-10
N[i]: 1.62039e-10
N[i]: 1.59979e-10
N[i]: 1.57945e-10
N[i]: 1.55937e-10
N[i]: 1.53955e-10
N[i]: 1.51998e-10
N[i]: 1.50066e-10
N[i]: 1.48158e-10
N[i]: 1.46275e-10
N[i]: 1.44415e-10
N[i]: 1.42579e-10
N[i]: 1.40767e-10
N[i]: 1.38977e-10
N[i]: 1.37211e-10
N[i]: 1.35466e-10
N[i]: 1.33744e-10
N[i]: 1.32044e-10
N[i]: 1.30365e-10
N[i]: 1.28708e-10
N[i]: 1.27072e-10
N[i]: 1.25457e-10
N[i]: 1.23862e-10
N[i]: 1.22287e-10
N[i]: 1.20733e-10
N[i]: 1.19198e-10
N[i]: 1.17682e-10
N[i]: 1.16186e-10
N[i]: 1.14709e-10
N[i]: 1.13251e-10
N[i]: 1.11812e-10
N[i]: 1.1039e-10
N[i]: 1.08987e-10
N[i]: 1.07601e-10
N[i]: 1.06233e-10
N[i]: 1.04883e-10
N[i]: 1.0355e-10
N[i]: 1.02233e-10
N[i]: 1.00934e-10
N[i]: 9.96506e-11
N[i]: 9.83838e-11
N[i]: 9.71331e-11
N[i]: 9.58983e-11
N[i]: 9.46792e-11
N[i]: 9.34756e-11
N[i]: 9.22873e-11
N[i]: 9.11141e-11
N[i]: 8.99558e-11
N[i]: 8.88123e-11
N[i]: 8.76833e-11
N[i]: 8.65686e-11
N[i]: 8.54681e-11
N[i]: 8.43816e-11
N[i]: 8.33089e-11
N[i]: 8.22499e-11
N[i]: 8.12043e-11
N[i]: 8.0172e-11
N[i]: 7.91528e-11
N[i]: 7.81466e-11
N[i]: 7.71532e-11
N[i]: 7.61724e-11
N[i]: 7.5204e-11
N[i]: 7.4248e-11
N[i]: 7.33041e-11
N[i]: 7.23723e-11
N[i]: 7.14523e-11
N[i]: 7.05439e-11
N[i]: 6.96471e-11
N[i]: 6.87618e-11
N[i]: 6.78876e-11
N[i]: 6.70246e-11
N[i]: 6.61726e-11
N[i]: 6.53314e-11
N[i]: 6.45009e-11
N[i]: 6.36809e-11
N[i]: 6.28714e-11
N[i]: 6.20721e-11
N[i]: 6.1283e-11
N[i]: 6.0504e-11
N[i]: 5.97348e-11
N[i]: 5.89755e-11
N[i]: 5.82257e-11
N[i]: 5.74856e-11
N[i]: 5.67548e-11
N[i]: 5.60333e-11
N[i]: 5.5321e-11
N[i]: 5.46177e-11
N[i]: 5.39234e-11
N[i]: 5.32379e-11
N[i]: 5.25611e-11
N[i]: 5.1893e-11
N[i]: 5.12333e-11
N[i]: 5.0582e-11
N[i]: 4.9939e-11
N[i]: 4.93041e-11
N[i]: 4.86773e-11
N[i]: 4.80585e-11
N[i]: 4.74476e-11
N[i]: 4.68444e-11
N[i]: 4.62489e-11
N[i]: 4.5661e-11
N[i]: 4.50805e-11
N[i]: 4.45075e-11
N[i]: 4.39417e-11
N[i]: 4.33831e-11
N[i]: 4.28316e-11
N[i]: 4.22871e-11
N[i]: 4.17495e-11
N[i]: 4.12188e-11
N[i]: 4.06948e-11
N[i]: 4.01774e-11
N[i]: 3.96667e-11
N[i]: 3.91624e-11
N[i]: 3.86646e-11
N[i]: 3.81731e-11
N[i]: 3.76878e-11
N[i]: 3.72087e-11
N[i]: 3.67357e-11
N[i]: 3.62687e-11
N[i]: 3.58076e-11
N[i]: 3.53524e-11
N[i]: 3.4903e-11
N[i]: 3.44593e-11
N[i]: 3.40213e-11
N[i]: 3.35888e-11
N[i]: 3.31618e-11
N[i]: 3.27402e-11
N[i]: 3.2324e-11
N[i]: 3.19131e-11
N[i]: 3.15074e-11
N[i]: 3.11069e-11
N[i]: 3.07114e-11
N[i]: 3.0321e-11
N[i]: 2.99356e-11
N[i]: 2.9555e-11
N[i]: 2.91793e-11
N[i]: 2.88084e-11
N[i]: 2.84421e-11
N[i]: 2.80806e-11
N[i]: 2.77236e-11
N[i]: 2.73712e-11
N[i]: 2.70232e-11
N[i]: 2.66797e-11
N[i]: 2.63405e-11
N[i]: 2.60057e-11
N[i]: 2.56751e-11
N[i]: 2.53487e-11
N[i]: 2.50264e-11
N[i]: 2.47083e-11
N[i]: 2.43942e-11
N[i]: 2.40841e-11
N[i]: 2.37779e-11
N[i]: 2.34756e-11
N[i]: 2.31772e-11
N[i]: 2.28826e-11
N[i]: 2.25917e-11
N[i]: 2.23045e-11
N[i]: 2.2021e-11
N[i]: 2.1741e-11
N[i]: 2.14646e-11
N[i]: 2.11918e-11
N[i]: 2.09224e-11
N[i]: 2.06564e-11
N[i]: 2.03938e-11
N[i]: 2.01346e-11
N[i]: 1.98786e-11
N[i]: 1.96259e-11
N[i]: 1.93764e-11
N[i]: 1.91301e-11
N[i]: 1.88869e-11
N[i]: 1.86468e-11
N[i]: 1.84097e-11
N[i]: 1.81757e-11
N[i]: 1.79447e-11
N[i]: 1.77165e-11
N[i]: 1.74913e-11
N[i]: 1.7269e-11
N[i]: 1.70494e-11
N[i]: 1.68327e-11
N[i]: 1.66187e-11
N[i]: 1.64075e-11
N[i]: 1.61989e-11
N[i]: 1.59929e-11
N[i]: 1.57896e-11
N[i]: 1.55889e-11
N[i]: 1.53907e-11
N[i]: 1.51951e-11
N[i]: 1.50019e-11
N[i]: 1.48112e-11
N[i]: 1.46229e-11
N[i]: 1.4437e-11
N[i]: 1.42535e-11
N[i]: 1.40723e-11
N[i]: 1.38934e-11
N[i]: 1.37168e-11
N[i]: 1.35424e-11
N[i]: 1.33703e-11
N[i]: 1.32003e-11
N[i]: 1.30325e-11
N[i]: 1.28668e-11
N[i]: 1.27033e-11
N[i]: 1.25418e-11
N[i]: 1.23823e-11
N[i]: 1.22249e-11
N[i]: 1.20695e-11
N[i]: 1.19161e-11
N[i]: 1.17646e-11
N[i]: 1.1615e-11
N[i]: 1.14674e-11
N[i]: 1.13216e-11
N[i]: 1.11777e-11
N[i]: 1.10356e-11
N[i]: 1.08953e-11
N[i]: 1.07568e-11
N[i]: 1.06201e-11
N[i]: 1.04851e-11
N[i]: 1.03518e-11
N[i]: 1.02202e-11
N[i]: 1.00902e-11
N[i]: 9.96197e-12
N[i]: 9.83533e-12
N[i]: 9.7103e-12
N[i]: 9.58686e-12
N[i]: 9.46499e-12
N[i]: 9.34467e-12
N[i]: 9.22587e-12
N[i]: 9.10859e-12
N[i]: 8.9928e-12
N[i]: 8.87848e-12
N[i]: 8.76561e-12
N[i]: 8.65418e-12
N[i]: 8.54417e-12
N[i]: 8.43555e-12
N[i]: 8.32831e-12
N[i]: 8.22244e-12
N[i]: 8.11792e-12
N[i]: 8.01472e-12
N[i]: 7.91283e-12
N[i]: 7.81224e-12
N[i]: 7.71293e-12
N[i]: 7.61488e-12
N[i]: 7.51808e-12
N[i]: 7.4225e-12
N[i]: 7.32815e-12
N[i]: 7.23499e-12
N[i]: 7.14301e-12
N[i]: 7.05221e-12
N[i]: 6.96256e-12
N[i]: 6.87405e-12
N[i]: 6.78666e-12
N[i]: 6.70039e-12
N[i]: 6.61521e-12
N[i]: 6.53112e-12
N[i]: 6.44809e-12
N[i]: 6.36612e-12
N[i]: 6.28519e-12
N[i]: 6.20529e-12
N[i]: 6.12641e-12
N[i]: 6.04853e-12
N[i]: 5.97163e-12
N[i]: 5.89572e-12
N[i]: 5.82077e-12
N[i]: 5.74678e-12
N[i]: 5.67372e-12
N[i]: 5.6016e-12
N[i]: 5.53039e-12
N[i]: 5.46008e-12
N[i]: 5.39067e-12
N[i]: 5.32214e-12
N[i]: 5.25449e-12
N[i]: 5.18769e-12
N[i]: 5.12174e-12
N[i]: 5.05663e-12
N[i]: 4.99235e-12
N[i]: 4.92889e-12
N[i]: 4.86623e-12
N[i]: 4.80437e-12
N[i]: 4.74329e-12
N[i]: 4.68299e-12
N[i]: 4.62346e-12
N[i]: 4.56469e-12
N[i]: 4.50666e-12
N[i]: 4.44937e-12
N[i]: 4.39281e-12
N[i]: 4.33696e-12
N[i]: 4.28183e-12
N[i]: 4.2274e-12
N[i]: 4.17366e-12
N[i]: 4.1206e-12
N[i]: 4.06822e-12
N[i]: 4.0165e-12
N[i]: 3.96544e-12
N[i]: 3.91503e-12
N[i]: 3.86526e-12
N[i]: 3.81613e-12
N[i]: 3.76761e-12
N[i]: 3.71972e-12
N[i]: 3.67243e-12
N[i]: 3.62575e-12
N[i]: 3.57965e-12
N[i]: 3.53415e-12
N[i]: 3.48922e-12
N[i]: 3.44487e-12
N[i]: 3.40107e-12
N[i]: 3.35784e-12
N[i]: 3.31515e-12
N[i]: 3.27301e-12
N[i]: 3.2314e-12
N[i]: 3.19032e-12
N[i]: 3.14976e-12
N[i]: 3.10972e-12
N[i]: 3.07019e-12
N[i]: 3.03116e-12
N[i]: 2.99263e-12
N[i]: 2.95459e-12
N[i]: 2.91703e-12
N[i]: 2.87994e-12
N[i]: 2.84333e-12
N[i]: 2.80719e-12
N[i]: 2.7715e-12
N[i]: 2.73627e-12
N[i]: 2.70148e-12
N[i]: 2.66714e-12
N[i]: 2.63324e-12
N[i]: 2.59976e-12
N[i]: 2.56671e-12
N[i]: 2.53408e-12
N[i]: 2.50187e-12
N[i]: 2.47006e-12
N[i]: 2.43866e-12
N[i]: 2.40766e-12
N[i]: 2.37706e-12
N[i]: 2.34684e-12
N[i]: 2.317e-12
N[i]: 2.28755e-12
N[i]: 2.25847e-12
N[i]: 2.22976e-12
N[i]: 2.20141e-12
N[i]: 2.17343e-12
N[i]: 2.1458e-12
N[i]: 2.11852e-12
N[i]: 2.09159e-12
N[i]: 2.065e-12
N[i]: 2.03875e-12
N[i]: 2.01283e-12
N[i]: 1.98724e-12
N[i]: 1.96198e-12
N[i]: 1.93704e-12
N[i]: 1.91242e-12
N[i]: 1.8881e-12
N[i]: 1.8641e-12
N[i]: 1.84041e-12
N[i]: 1.81701e-12
N[i]: 1.79391e-12
N[i]: 1.77111e-12
N[i]: 1.74859e-12
N[i]: 1.72636e-12
N[i]: 1.70442e-12
N[i]: 1.68275e-12
N[i]: 1.66136e-12
N[i]: 1.64024e-12
N[i]: 1.61939e-12
N[i]: 1.5988e-12
N[i]: 1.57848e-12
N[i]: 1.55841e-12
N[i]: 1.5386e-12
N[i]: 1.51904e-12
N[i]: 1.49973e-12
N[i]: 1.48066e-12
N[i]: 1.46184e-12
N[i]: 1.44326e-12
N[i]: 1.42491e-12
N[i]: 1.4068e-12
N[i]: 1.38891e-12
N[i]: 1.37126e-12
N[i]: 1.35382e-12
N[i]: 1.33661e-12
N[i]: 1.31962e-12
N[i]: 1.30285e-12
N[i]: 1.28628e-12
N[i]: 1.26993e-12
N[i]: 1.25379e-12
N[i]: 1.23785e-12
N[i]: 1.22211e-12
N[i]: 1.20658e-12
N[i]: 1.19124e-12
N[i]: 1.1761e-12
N[i]: 1.16115e-12
N[i]: 1.14638e-12
N[i]: 1.13181e-12
N[i]: 1.11742e-12
N[i]: 1.10322e-12
N[i]: 1.08919e-12
N[i]: 1.07535e-12
N[i]: 1.06168e-12
N[i]: 1.04818e-12
N[i]: 1.03486e-12
N[i]: 1.0217e-12
N[i]: 1.00871e-12
N[i]: 9.95889e-13
N[i]: 9.83229e-13
N[i]: 9.7073e-13
N[i]: 9.58389e-13
N[i]: 9.46206e-13
N[i]: 9.34177e-13
N[i]: 9.22302e-13
N[i]: 9.10577e-13
N[i]: 8.99002e-13
N[i]: 8.87573e-13
N[i]: 8.7629e-13
N[i]: 8.6515e-13
N[i]: 8.54152e-13
N[i]: 8.43294e-13
N[i]: 8.32574e-13
N[i]: 8.2199e-13
N[i]: 8.1154e-13
N[i]: 8.01224e-13
N[i]: 7.91038e-13
N[i]: 7.80982e-13
N[i]: 7.71054e-13
N[i]: 7.61252e-13
N[i]: 7.51575e-13
N[i]: 7.42021e-13
N[i]: 7.32588e-13
N[i]: 7.23275e-13
N[i]: 7.1408e-13
N[i]: 7.05003e-13
N[i]: 6.9604e-13
N[i]: 6.87192e-13
N[i]: 6.78456e-13
N[i]: 6.69831e-13
N[i]: 6.61316e-13
N[i]: 6.52909e-13
N[i]: 6.44609e-13
N[i]: 6.36415e-13
N[i]: 6.28325e-13
N[i]: 6.20337e-13
N[i]: 6.12451e-13
N[i]: 6.04665e-13
N[i]: 5.96979e-13
N[i]: 5.8939e-13
N[i]: 5.81897e-13
N[i]: 5.745e-13
N[i]: 5.67197e-13
N[i]: 5.59986e-13
N[i]: 5.52867e-13
N[i]: 5.45839e-13
N[i]: 5.389e-13
N[i]: 5.3205e-13
N[i]: 5.25286e-13
N[i]: 5.18608e-13
N[i]: 5.12016e-13
N[i]: 5.05507e-13
N[i]: 4.9908e-13
N[i]: 4.92736e-13
N[i]: 4.86472e-13
N[i]: 4.80288e-13
N[i]: 4.74182e-13
N[i]: 4.68154e-13
N[i]: 4.62203e-13
N[i]: 4.56327e-13
N[i]: 4.50526e-13
N[i]: 4.44799e-13
N[i]: 4.39145e-13
N[i]: 4.33562e-13
N[i]: 4.2805e-13
N[i]: 4.22609e-13
N[i]: 4.17237e-13
N[i]: 4.11932e-13
N[i]: 4.06696e-13
N[i]: 4.01526e-13
N[i]: 3.96421e-13
N[i]: 3.91382e-13
N[i]: 3.86407e-13
N[i]: 3.81494e-13
N[i]: 3.76645e-13
N[i]: 3.71857e-13
N[i]: 3.6713e-13
N[i]: 3.62462e-13
N[i]: 3.57855e-13
N[i]: 3.53305e-13
N[i]: 3.48814e-13
N[i]: 3.4438e-13
N[i]: 3.40002e-13
N[i]: 3.3568e-13
N[i]: 3.31412e-13
N[i]: 3.27199e-13
N[i]: 3.2304e-13
N[i]: 3.18933e-13
N[i]: 3.14879e-13
N[i]: 3.10876e-13
N[i]: 3.06924e-13
N[i]: 3.03022e-13
N[i]: 2.9917e-13
N[i]: 2.95367e-13
N[i]: 2.91612e-13
N[i]: 2.87905e-13
N[i]: 2.84245e-13
N[i]: 2.80632e-13
N[i]: 2.77064e-13
N[i]: 2.73542e-13
N[i]: 2.70065e-13
N[i]: 2.66632e-13
N[i]: 2.63242e-13
N[i]: 2.59896e-13
N[i]: 2.56592e-13
N[i]: 2.5333e-13
N[i]: 2.5011e-13
N[i]: 2.4693e-13
N[i]: 2.43791e-13
N[i]: 2.40692e-13
N[i]: 2.37632e-13
N[i]: 2.34611e-13
N[i]: 2.31629e-13
N[i]: 2.28684e-13
N[i]: 2.25777e-13
N[i]: 2.22907e-13
N[i]: 2.20073e-13
N[i]: 2.17276e-13
N[i]: 2.14513e-13
N[i]: 2.11787e-13
N[i]: 2.09094e-13
N[i]: 2.06436e-13
N[i]: 2.03812e-13
N[i]: 2.01221e-13
N[i]: 1.98663e-13
N[i]: 1.96137e-13
N[i]: 1.93644e-13
N[i]: 1.91182e-13
N[i]: 1.88752e-13
N[i]: 1.86353e-13
N[i]: 1.83984e-13
N[i]: 1.81645e-13
N[i]: 1.79336e-13
N[i]: 1.77056e-13
N[i]: 1.74805e-13
N[i]: 1.72583e-13
N[i]: 1.70389e-13
N[i]: 1.68223e-13
N[i]: 1.66084e-13
N[i]: 1.63973e-13
N[i]: 1.61888e-13
N[i]: 1.5983e-13
N[i]: 1.57799e-13
N[i]: 1.55793e-13
N[i]: 1.53812e-13
N[i]: 1.51857e-13
N[i]: 1.49926e-13
N[i]: 1.4802e-13
N[i]: 1.46139e-13
N[i]: 1.44281e-13
N[i]: 1.42447e-13
N[i]: 1.40636e-13
N[i]: 1.38848e-13
N[i]: 1.37083e-13
N[i]: 1.3534e-13
N[i]: 1.3362e-13
N[i]: 1.31921e-13
N[i]: 1.30244e-13
N[i]: 1.28589e-13
N[i]: 1.26954e-13
N[i]: 1.2534e-13
N[i]: 1.23747e-13
N[i]: 1.22174e-13
N[i]: 1.2062e-13
N[i]: 1.19087e-13
N[i]: 1.17573e-13
N[i]: 1.16079e-13
N[i]: 1.14603e-13
N[i]: 1.13146e-13
N[i]: 1.11708e-13
N[i]: 1.10288e-13
N[i]: 1.08886e-13
N[i]: 1.07501e-13
N[i]: 1.06135e-13
N[i]: 1.04786e-13
N[i]: 1.03454e-13
N[i]: 1.02138e-13
N[i]: 1.0084e-13
N[i]: 9.95581e-14
N[i]: 9.82924e-14
N[i]: 9.70429e-14
N[i]: 9.58093e-14
N[i]: 9.45913e-14
N[i]: 9.33888e-14
N[i]: 9.22016e-14
N[i]: 9.10295e-14
N[i]: 8.98723e-14
N[i]: 8.87298e-14
N[i]: 8.76019e-14
N[i]: 8.64883e-14
N[i]: 8.53888e-14
N[i]: 8.43033e-14
N[i]: 8.32316e-14
N[i]: 8.21735e-14
N[i]: 8.11289e-14
N[i]: 8.00976e-14
N[i]: 7.90793e-14
N[i]: 7.8074e-14
N[i]: 7.70815e-14
N[i]: 7.61017e-14
N[i]: 7.51342e-14
N[i]: 7.41791e-14
N[i]: 7.32361e-14
N[i]: 7.23051e-14
N[i]: 7.13859e-14
N[i]: 7.04784e-14
N[i]: 6.95825e-14
N[i]: 6.86979e-14
N[i]: 6.78246e-14
N[i]: 6.69624e-14
N[i]: 6.61112e-14
N[i]: 6.52707e-14
N[i]: 6.4441e-14
N[i]: 6.36218e-14
N[i]: 6.2813e-14
N[i]: 6.20145e-14
N[i]: 6.12261e-14
N[i]: 6.04478e-14
N[i]: 5.96794e-14
N[i]: 5.89207e-14
N[i]: 5.81717e-14
N[i]: 5.74322e-14
N[i]: 5.67021e-14
N[i]: 5.59813e-14
N[i]: 5.52696e-14
N[i]: 5.4567e-14
N[i]: 5.38733e-14
N[i]: 5.31885e-14
N[i]: 5.25123e-14
N[i]: 5.18448e-14
N[i]: 5.11857e-14
N[i]: 5.0535e-14
N[i]: 4.98926e-14
N[i]: 4.92583e-14
N[i]: 4.86322e-14
N[i]: 4.80139e-14
N[i]: 4.74036e-14
N[i]: 4.68009e-14
N[i]: 4.6206e-14
N[i]: 4.56186e-14
N[i]: 4.50387e-14
N[i]: 4.44661e-14
N[i]: 4.39009e-14
N[i]: 4.33428e-14
N[i]: 4.27918e-14
N[i]: 4.22478e-14
N[i]: 4.17107e-14
N[i]: 4.11805e-14
N[i]: 4.0657e-14
N[i]: 4.01401e-14
N[i]: 3.96299e-14
N[i]: 3.91261e-14
N[i]: 3.86287e-14
N[i]: 3.81376e-14
N[i]: 3.76528e-14
N[i]: 3.71742e-14
N[i]: 3.67016e-14
N[i]: 3.6235e-14
N[i]: 3.57744e-14
N[i]: 3.53196e-14
N[i]: 3.48706e-14
N[i]: 3.44273e-14
N[i]: 3.39897e-14
N[i]: 3.35576e-14
N[i]: 3.3131e-14
N[i]: 3.27098e-14
N[i]: 3.2294e-14
N[i]: 3.18835e-14
N[i]: 3.14782e-14
N[i]: 3.1078e-14
N[i]: 3.06829e-14
N[i]: 3.02929e-14
N[i]: 2.99078e-14
N[i]: 2.95276e-14
N[i]: 2.91522e-14
N[i]: 2.87816e-14
N[i]: 2.84157e-14
N[i]: 2.80545e-14
N[i]: 2.76979e-14
N[i]: 2.73458e-14
N[i]: 2.69981e-14
N[i]: 2.66549e-14
N[i]: 2.63161e-14
N[i]: 2.59815e-14
N[i]: 2.56512e-14
N[i]: 2.53252e-14
N[i]: 2.50032e-14
N[i]: 2.46854e-14
N[i]: 2.43716e-14
N[i]: 2.40617e-14
N[i]: 2.37558e-14
N[i]: 2.34539e-14
N[i]: 2.31557e-14
N[i]: 2.28613e-14
N[i]: 2.25707e-14
N[i]: 2.22838e-14
N[i]: 2.20005e-14
N[i]: 2.17208e-14
N[i]: 2.14447e-14
N[i]: 2.11721e-14
N[i]: 2.09029e-14
N[i]: 2.06372e-14
N[i]: 2.03749e-14
N[i]: 2.01159e-14
N[i]: 1.98601e-14
N[i]: 1.96077e-14
N[i]: 1.93584e-14
N[i]: 1.91123e-14
N[i]: 1.88694e-14
N[i]: 1.86295e-14
N[i]: 1.83927e-14
N[i]: 1.81588e-14
N[i]: 1.7928e-14
N[i]: 1.77001e-14
N[i]: 1.74751e-14
N[i]: 1.72529e-14
N[i]: 1.70336e-14
N[i]: 1.68171e-14
N[i]: 1.66033e-14
N[i]: 1.63922e-14
N[i]: 1.61838e-14
N[i]: 1.59781e-14
N[i]: 1.5775e-14
N[i]: 1.55744e-14
N[i]: 1.53765e-14
N[i]: 1.5181e-14
N[i]: 1.4988e-14
N[i]: 1.47975e-14
N[i]: 1.46094e-14
N[i]: 1.44236e-14
N[i]: 1.42403e-14
N[i]: 1.40593e-14
N[i]: 1.38805e-14
N[i]: 1.37041e-14
N[i]: 1.35299e-14
N[i]: 1.33579e-14
N[i]: 1.31881e-14
N[i]: 1.30204e-14
N[i]: 1.28549e-14
number of cov blocks for parallelization: 3
-----------------
PROGRAM EXECUTED
-----------------
