Omega_m 0.309660 
Omega_v 0.690340 
sigma_8 0.810200 
n_spec 0.966500 
w0 -1.000000 
wa 0.000000 
omb 0.048970 
h0 0.676600 
h0 0.676600 
h0 0.676600 
h0 0.676600 
area 2894.030382 
sourcephotoz multihisto 
lensphotoz multihisto 
number of source tomo bins 1 
number of lens tomo bins 1 
sigmae 0.397404 
tomo.n_source[0]=6.477063 
ngal 6.477063 
tomo.n_lens_ij[0][0]=6.477063 
nlens 6.477063 
tomo.n_lens_ij[0][0]=6.477063 
nlens 12.954125 
tomo.n_lens_ij[0][0]=6.477063 
nlens 19.431188 
shear_REDSHIFT_FILE /n17data/sguerrini/UNIONS/WL/nz/v1.4.5/nz_SP_v1.4.5_A.txt 
clustering_REDSHIFT_FILE /n17data/sguerrini/UNIONS/WL/nz/v1.4.5/nz_SP_v1.4.5_A.txt 
IA = 1 
A_ia = 0.000000 
eta_ia = 0.000000 
eta_ia = 0.000000 
eta_ia = 0.000000 
C_FOOTPRINT_FILE /n17data/cdaley/unions/code/sp_validation/cosmo_inference/data/mask/mask_cls_footprint_nside_4096_norm.txt 
C_FOOTPRINT_FILE /n17data/cdaley/unions/code/sp_validation/cosmo_inference/data/mask/mask_cls_footprint_nside_4096_norm.txt 
C_FOOTPRINT_FILE /n17data/cdaley/unions/code/sp_validation/cosmo_inference/data/mask/mask_cls_footprint_nside_4096_norm.txt 
tmin 0.000145 
tmax 0.087266 
ntheta 1000 
ng 0 
cng 0 
cng 0 
cng 0 
outdir ./ 
filename cov_tmp 
ss true 
ls false 
ll false 
Source redshifts: multi-histo file /n17data/sguerrini/UNIONS/WL/nz/v1.4.5/nz_SP_v1.4.5_A.txt, containing 1 tomography bins
redshift_spline.c 200 1.000000e-05 5.000000e+00
tomo.shear_zmin[0] = 0.000,tomo.shear_zmax[0] = 4.700
bin 0: <z_s>=0.635995
like.IA: 1, using parameters A_ia, eta_ia
WARNING
	oneplusz0_ia is not set correctly!
	using DES-Y3 value z0 = 0.62constant oneplusz0_ia is set: 1.620000
A_ia = 0.000000, eta_ia = 0.000000 
init_source_sample complete
Lens redshifts: multi-histo file /n17data/sguerrini/UNIONS/WL/nz/v1.4.5/nz_SP_v1.4.5_A.txt, containing 1 tomography bins
1 Clustering Powerspectra
tomo.clustering_zmin[0] = 0.000,tomo.clustering_zmax[0] = 4.700
1 GGL Powerspectra
init_lens_sample complete
running multi_covariance_real with NG = 0, cNG = 0
numbers of powers: 1, 1, 1 
N_shear1 = 0 (0,0)
N_shear2 = 0 (0, 0)
redshift.shear_photoz = 4, using tabulated tomo.n_source = 6.477063e+00,



covariances_3D.c:w_mask:WARNING
Compute covariance without accounting to survey boundary effect on shape/shot noise:
Survey mask power spectrum in /n17data/cdaley/unions/code/sp_validation/cosmo_inference/data/mask/mask_cls_footprint_nside_4096_norm.txt tabulated only to l_max = 12287
This is insufficient to calculate masking effect at theta_min = 0.50 arcmin


N[i]: 2.82141e-09
N[i]: 2.78554e-09
N[i]: 2.75013e-09
N[i]: 2.71517e-09
N[i]: 2.68065e-09
N[i]: 2.64657e-09
N[i]: 2.61293e-09
N[i]: 2.57971e-09
N[i]: 2.54692e-09
N[i]: 2.51454e-09
N[i]: 2.48258e-09
N[i]: 2.45102e-09
N[i]: 2.41986e-09
N[i]: 2.3891e-09
N[i]: 2.35872e-09
N[i]: 2.32874e-09
N[i]: 2.29914e-09
N[i]: 2.26991e-09
N[i]: 2.24105e-09
N[i]: 2.21256e-09
N[i]: 2.18444e-09
N[i]: 2.15667e-09
N[i]: 2.12925e-09
N[i]: 2.10218e-09
N[i]: 2.07546e-09
N[i]: 2.04908e-09
N[i]: 2.02303e-09
N[i]: 1.99731e-09
N[i]: 1.97192e-09
N[i]: 1.94685e-09
N[i]: 1.9221e-09
N[i]: 1.89767e-09
N[i]: 1.87354e-09
N[i]: 1.84973e-09
N[i]: 1.82621e-09
N[i]: 1.803e-09
N[i]: 1.78008e-09
N[i]: 1.75745e-09
N[i]: 1.73511e-09
N[i]: 1.71305e-09
N[i]: 1.69127e-09
N[i]: 1.66977e-09
N[i]: 1.64854e-09
N[i]: 1.62759e-09
N[i]: 1.6069e-09
N[i]: 1.58647e-09
N[i]: 1.5663e-09
N[i]: 1.54639e-09
N[i]: 1.52673e-09
N[i]: 1.50732e-09
N[i]: 1.48816e-09
N[i]: 1.46924e-09
N[i]: 1.45057e-09
N[i]: 1.43213e-09
N[i]: 1.41392e-09
N[i]: 1.39595e-09
N[i]: 1.3782e-09
N[i]: 1.36068e-09
N[i]: 1.34338e-09
N[i]: 1.32631e-09
N[i]: 1.30945e-09
N[i]: 1.2928e-09
N[i]: 1.27636e-09
N[i]: 1.26014e-09
N[i]: 1.24412e-09
N[i]: 1.2283e-09
N[i]: 1.21269e-09
N[i]: 1.19727e-09
N[i]: 1.18205e-09
N[i]: 1.16703e-09
N[i]: 1.15219e-09
N[i]: 1.13754e-09
N[i]: 1.12308e-09
N[i]: 1.10881e-09
N[i]: 1.09471e-09
N[i]: 1.08079e-09
N[i]: 1.06705e-09
N[i]: 1.05349e-09
N[i]: 1.0401e-09
N[i]: 1.02687e-09
N[i]: 1.01382e-09
N[i]: 1.00093e-09
N[i]: 9.88209e-10
N[i]: 9.75646e-10
N[i]: 9.63243e-10
N[i]: 9.50998e-10
N[i]: 9.38909e-10
N[i]: 9.26973e-10
N[i]: 9.15189e-10
N[i]: 9.03555e-10
N[i]: 8.92069e-10
N[i]: 8.80728e-10
N[i]: 8.69532e-10
N[i]: 8.58478e-10
N[i]: 8.47565e-10
N[i]: 8.3679e-10
N[i]: 8.26153e-10
N[i]: 8.15651e-10
N[i]: 8.05282e-10
N[i]: 7.95045e-10
N[i]: 7.84938e-10
N[i]: 7.74959e-10
N[i]: 7.65108e-10
N[i]: 7.55381e-10
N[i]: 7.45779e-10
N[i]: 7.36298e-10
N[i]: 7.26938e-10
N[i]: 7.17697e-10
N[i]: 7.08573e-10
N[i]: 6.99566e-10
N[i]: 6.90673e-10
N[i]: 6.81892e-10
N[i]: 6.73224e-10
N[i]: 6.64666e-10
N[i]: 6.56216e-10
N[i]: 6.47874e-10
N[i]: 6.39638e-10
N[i]: 6.31507e-10
N[i]: 6.23479e-10
N[i]: 6.15553e-10
N[i]: 6.07728e-10
N[i]: 6.00002e-10
N[i]: 5.92375e-10
N[i]: 5.84844e-10
N[i]: 5.7741e-10
N[i]: 5.70069e-10
N[i]: 5.62822e-10
N[i]: 5.55668e-10
N[i]: 5.48604e-10
N[i]: 5.4163e-10
N[i]: 5.34744e-10
N[i]: 5.27946e-10
N[i]: 5.21235e-10
N[i]: 5.14609e-10
N[i]: 5.08067e-10
N[i]: 5.01608e-10
N[i]: 4.95232e-10
N[i]: 4.88936e-10
N[i]: 4.8272e-10
N[i]: 4.76584e-10
N[i]: 4.70525e-10
N[i]: 4.64544e-10
N[i]: 4.58638e-10
N[i]: 4.52808e-10
N[i]: 4.47052e-10
N[i]: 4.41369e-10
N[i]: 4.35758e-10
N[i]: 4.30218e-10
N[i]: 4.24749e-10
N[i]: 4.1935e-10
N[i]: 4.14019e-10
N[i]: 4.08756e-10
N[i]: 4.03559e-10
N[i]: 3.98429e-10
N[i]: 3.93364e-10
N[i]: 3.88364e-10
N[i]: 3.83427e-10
N[i]: 3.78552e-10
N[i]: 3.7374e-10
N[i]: 3.68989e-10
N[i]: 3.64298e-10
N[i]: 3.59667e-10
N[i]: 3.55095e-10
N[i]: 3.50581e-10
N[i]: 3.46124e-10
N[i]: 3.41724e-10
N[i]: 3.3738e-10
N[i]: 3.33091e-10
N[i]: 3.28857e-10
N[i]: 3.24676e-10
N[i]: 3.20549e-10
N[i]: 3.16474e-10
N[i]: 3.12451e-10
N[i]: 3.08479e-10
N[i]: 3.04557e-10
N[i]: 3.00686e-10
N[i]: 2.96863e-10
N[i]: 2.93089e-10
N[i]: 2.89363e-10
N[i]: 2.85685e-10
N[i]: 2.82053e-10
N[i]: 2.78468e-10
N[i]: 2.74928e-10
N[i]: 2.71433e-10
N[i]: 2.67982e-10
N[i]: 2.64575e-10
N[i]: 2.61212e-10
N[i]: 2.57891e-10
N[i]: 2.54613e-10
N[i]: 2.51376e-10
N[i]: 2.48181e-10
N[i]: 2.45026e-10
N[i]: 2.41911e-10
N[i]: 2.38836e-10
N[i]: 2.35799e-10
N[i]: 2.32802e-10
N[i]: 2.29842e-10
N[i]: 2.26921e-10
N[i]: 2.24036e-10
N[i]: 2.21188e-10
N[i]: 2.18376e-10
N[i]: 2.156e-10
N[i]: 2.12859e-10
N[i]: 2.10153e-10
N[i]: 2.07482e-10
N[i]: 2.04844e-10
N[i]: 2.0224e-10
N[i]: 1.99669e-10
N[i]: 1.97131e-10
N[i]: 1.94625e-10
N[i]: 1.92151e-10
N[i]: 1.89708e-10
N[i]: 1.87296e-10
N[i]: 1.84915e-10
N[i]: 1.82565e-10
N[i]: 1.80244e-10
N[i]: 1.77953e-10
N[i]: 1.7569e-10
N[i]: 1.73457e-10
N[i]: 1.71252e-10
N[i]: 1.69075e-10
N[i]: 1.66925e-10
N[i]: 1.64803e-10
N[i]: 1.62708e-10
N[i]: 1.6064e-10
N[i]: 1.58598e-10
N[i]: 1.56582e-10
N[i]: 1.54591e-10
N[i]: 1.52626e-10
N[i]: 1.50686e-10
N[i]: 1.4877e-10
N[i]: 1.46879e-10
N[i]: 1.45012e-10
N[i]: 1.43168e-10
N[i]: 1.41348e-10
N[i]: 1.39551e-10
N[i]: 1.37777e-10
N[i]: 1.36026e-10
N[i]: 1.34297e-10
N[i]: 1.3259e-10
N[i]: 1.30904e-10
N[i]: 1.2924e-10
N[i]: 1.27597e-10
N[i]: 1.25975e-10
N[i]: 1.24373e-10
N[i]: 1.22792e-10
N[i]: 1.21231e-10
N[i]: 1.1969e-10
N[i]: 1.18169e-10
N[i]: 1.16666e-10
N[i]: 1.15183e-10
N[i]: 1.13719e-10
N[i]: 1.12273e-10
N[i]: 1.10846e-10
N[i]: 1.09437e-10
N[i]: 1.08046e-10
N[i]: 1.06672e-10
N[i]: 1.05316e-10
N[i]: 1.03978e-10
N[i]: 1.02656e-10
N[i]: 1.01351e-10
N[i]: 1.00062e-10
N[i]: 9.87903e-11
N[i]: 9.75344e-11
N[i]: 9.62945e-11
N[i]: 9.50704e-11
N[i]: 9.38618e-11
N[i]: 9.26686e-11
N[i]: 9.14906e-11
N[i]: 9.03275e-11
N[i]: 8.91792e-11
N[i]: 8.80456e-11
N[i]: 8.69263e-11
N[i]: 8.58213e-11
N[i]: 8.47303e-11
N[i]: 8.36531e-11
N[i]: 8.25897e-11
N[i]: 8.15398e-11
N[i]: 8.05032e-11
N[i]: 7.94799e-11
N[i]: 7.84695e-11
N[i]: 7.74719e-11
N[i]: 7.64871e-11
N[i]: 7.55148e-11
N[i]: 7.45548e-11
N[i]: 7.3607e-11
N[i]: 7.26713e-11
N[i]: 7.17475e-11
N[i]: 7.08354e-11
N[i]: 6.99349e-11
N[i]: 6.90459e-11
N[i]: 6.81681e-11
N[i]: 6.73016e-11
N[i]: 6.6446e-11
N[i]: 6.56013e-11
N[i]: 6.47674e-11
N[i]: 6.3944e-11
N[i]: 6.31311e-11
N[i]: 6.23286e-11
N[i]: 6.15362e-11
N[i]: 6.0754e-11
N[i]: 5.99816e-11
N[i]: 5.92191e-11
N[i]: 5.84663e-11
N[i]: 5.77231e-11
N[i]: 5.69893e-11
N[i]: 5.62648e-11
N[i]: 5.55496e-11
N[i]: 5.48434e-11
N[i]: 5.41462e-11
N[i]: 5.34579e-11
N[i]: 5.27783e-11
N[i]: 5.21074e-11
N[i]: 5.1445e-11
N[i]: 5.0791e-11
N[i]: 5.01453e-11
N[i]: 4.95078e-11
N[i]: 4.88785e-11
N[i]: 4.82571e-11
N[i]: 4.76436e-11
N[i]: 4.7038e-11
N[i]: 4.644e-11
N[i]: 4.58497e-11
N[i]: 4.52668e-11
N[i]: 4.46913e-11
N[i]: 4.41232e-11
N[i]: 4.35623e-11
N[i]: 4.30085e-11
N[i]: 4.24618e-11
N[i]: 4.1922e-11
N[i]: 4.13891e-11
N[i]: 4.08629e-11
N[i]: 4.03434e-11
N[i]: 3.98306e-11
N[i]: 3.93242e-11
N[i]: 3.88243e-11
N[i]: 3.83308e-11
N[i]: 3.78435e-11
N[i]: 3.73624e-11
N[i]: 3.68875e-11
N[i]: 3.64185e-11
N[i]: 3.59556e-11
N[i]: 3.54985e-11
N[i]: 3.50472e-11
N[i]: 3.46017e-11
N[i]: 3.41618e-11
N[i]: 3.37275e-11
N[i]: 3.32988e-11
N[i]: 3.28755e-11
N[i]: 3.24576e-11
N[i]: 3.20449e-11
N[i]: 3.16376e-11
N[i]: 3.12354e-11
N[i]: 3.08383e-11
N[i]: 3.04463e-11
N[i]: 3.00592e-11
N[i]: 2.96771e-11
N[i]: 2.92999e-11
N[i]: 2.89274e-11
N[i]: 2.85596e-11
N[i]: 2.81966e-11
N[i]: 2.78381e-11
N[i]: 2.74843e-11
N[i]: 2.71349e-11
N[i]: 2.67899e-11
N[i]: 2.64494e-11
N[i]: 2.61131e-11
N[i]: 2.57812e-11
N[i]: 2.54534e-11
N[i]: 2.51298e-11
N[i]: 2.48104e-11
N[i]: 2.4495e-11
N[i]: 2.41836e-11
N[i]: 2.38762e-11
N[i]: 2.35726e-11
N[i]: 2.3273e-11
N[i]: 2.29771e-11
N[i]: 2.2685e-11
N[i]: 2.23967e-11
N[i]: 2.21119e-11
N[i]: 2.18308e-11
N[i]: 2.15533e-11
N[i]: 2.12793e-11
N[i]: 2.10088e-11
N[i]: 2.07417e-11
N[i]: 2.04781e-11
N[i]: 2.02177e-11
N[i]: 1.99607e-11
N[i]: 1.9707e-11
N[i]: 1.94565e-11
N[i]: 1.92091e-11
N[i]: 1.89649e-11
N[i]: 1.87238e-11
N[i]: 1.84858e-11
N[i]: 1.82508e-11
N[i]: 1.80188e-11
N[i]: 1.77897e-11
N[i]: 1.75636e-11
N[i]: 1.73403e-11
N[i]: 1.71199e-11
N[i]: 1.69022e-11
N[i]: 1.66874e-11
N[i]: 1.64752e-11
N[i]: 1.62658e-11
N[i]: 1.6059e-11
N[i]: 1.58549e-11
N[i]: 1.56533e-11
N[i]: 1.54543e-11
N[i]: 1.52579e-11
N[i]: 1.50639e-11
N[i]: 1.48724e-11
N[i]: 1.46833e-11
N[i]: 1.44967e-11
N[i]: 1.43124e-11
N[i]: 1.41305e-11
N[i]: 1.39508e-11
N[i]: 1.37735e-11
N[i]: 1.35984e-11
N[i]: 1.34255e-11
N[i]: 1.32548e-11
N[i]: 1.30863e-11
N[i]: 1.292e-11
N[i]: 1.27557e-11
N[i]: 1.25936e-11
N[i]: 1.24335e-11
N[i]: 1.22754e-11
N[i]: 1.21194e-11
N[i]: 1.19653e-11
N[i]: 1.18132e-11
N[i]: 1.1663e-11
N[i]: 1.15148e-11
N[i]: 1.13684e-11
N[i]: 1.12239e-11
N[i]: 1.10812e-11
N[i]: 1.09403e-11
N[i]: 1.08012e-11
N[i]: 1.06639e-11
N[i]: 1.05284e-11
N[i]: 1.03945e-11
N[i]: 1.02624e-11
N[i]: 1.01319e-11
N[i]: 1.00031e-11
N[i]: 9.87597e-12
N[i]: 9.75042e-12
N[i]: 9.62647e-12
N[i]: 9.5041e-12
N[i]: 9.38328e-12
N[i]: 9.26399e-12
N[i]: 9.14623e-12
N[i]: 9.02996e-12
N[i]: 8.91516e-12
N[i]: 8.80183e-12
N[i]: 8.68994e-12
N[i]: 8.57947e-12
N[i]: 8.4704e-12
N[i]: 8.36273e-12
N[i]: 8.25641e-12
N[i]: 8.15146e-12
N[i]: 8.04783e-12
N[i]: 7.94553e-12
N[i]: 7.84452e-12
N[i]: 7.7448e-12
N[i]: 7.64634e-12
N[i]: 7.54914e-12
N[i]: 7.45317e-12
N[i]: 7.35842e-12
N[i]: 7.26488e-12
N[i]: 7.17253e-12
N[i]: 7.08135e-12
N[i]: 6.99133e-12
N[i]: 6.90245e-12
N[i]: 6.8147e-12
N[i]: 6.72807e-12
N[i]: 6.64254e-12
N[i]: 6.5581e-12
N[i]: 6.47473e-12
N[i]: 6.39242e-12
N[i]: 6.31116e-12
N[i]: 6.23093e-12
N[i]: 6.15172e-12
N[i]: 6.07352e-12
N[i]: 5.99631e-12
N[i]: 5.92008e-12
N[i]: 5.84482e-12
N[i]: 5.77052e-12
N[i]: 5.69716e-12
N[i]: 5.62474e-12
N[i]: 5.55324e-12
N[i]: 5.48264e-12
N[i]: 5.41294e-12
N[i]: 5.34413e-12
N[i]: 5.2762e-12
N[i]: 5.20912e-12
N[i]: 5.1429e-12
N[i]: 5.07752e-12
N[i]: 5.01298e-12
N[i]: 4.94925e-12
N[i]: 4.88633e-12
N[i]: 4.82422e-12
N[i]: 4.76289e-12
N[i]: 4.70234e-12
N[i]: 4.64256e-12
N[i]: 4.58355e-12
N[i]: 4.52528e-12
N[i]: 4.46775e-12
N[i]: 4.41096e-12
N[i]: 4.35488e-12
N[i]: 4.29952e-12
N[i]: 4.24486e-12
N[i]: 4.1909e-12
N[i]: 4.13763e-12
N[i]: 4.08503e-12
N[i]: 4.0331e-12
N[i]: 3.98183e-12
N[i]: 3.93121e-12
N[i]: 3.88123e-12
N[i]: 3.83189e-12
N[i]: 3.78318e-12
N[i]: 3.73509e-12
N[i]: 3.68761e-12
N[i]: 3.64073e-12
N[i]: 3.59445e-12
N[i]: 3.54875e-12
N[i]: 3.50364e-12
N[i]: 3.4591e-12
N[i]: 3.41513e-12
N[i]: 3.37171e-12
N[i]: 3.32885e-12
N[i]: 3.28653e-12
N[i]: 3.24475e-12
N[i]: 3.2035e-12
N[i]: 3.16278e-12
N[i]: 3.12257e-12
N[i]: 3.08288e-12
N[i]: 3.04369e-12
N[i]: 3.00499e-12
N[i]: 2.96679e-12
N[i]: 2.92908e-12
N[i]: 2.89184e-12
N[i]: 2.85508e-12
N[i]: 2.81879e-12
N[i]: 2.78295e-12
N[i]: 2.74757e-12
N[i]: 2.71265e-12
N[i]: 2.67816e-12
N[i]: 2.64412e-12
N[i]: 2.6105e-12
N[i]: 2.57732e-12
N[i]: 2.54455e-12
N[i]: 2.51221e-12
N[i]: 2.48027e-12
N[i]: 2.44874e-12
N[i]: 2.41761e-12
N[i]: 2.38688e-12
N[i]: 2.35653e-12
N[i]: 2.32658e-12
N[i]: 2.297e-12
N[i]: 2.2678e-12
N[i]: 2.23897e-12
N[i]: 2.21051e-12
N[i]: 2.18241e-12
N[i]: 2.15466e-12
N[i]: 2.12727e-12
N[i]: 2.10023e-12
N[i]: 2.07353e-12
N[i]: 2.04717e-12
N[i]: 2.02115e-12
N[i]: 1.99545e-12
N[i]: 1.97009e-12
N[i]: 1.94504e-12
N[i]: 1.92032e-12
N[i]: 1.89591e-12
N[i]: 1.8718e-12
N[i]: 1.84801e-12
N[i]: 1.82452e-12
N[i]: 1.80132e-12
N[i]: 1.77842e-12
N[i]: 1.75582e-12
N[i]: 1.7335e-12
N[i]: 1.71146e-12
N[i]: 1.6897e-12
N[i]: 1.66822e-12
N[i]: 1.64701e-12
N[i]: 1.62608e-12
N[i]: 1.60541e-12
N[i]: 1.585e-12
N[i]: 1.56485e-12
N[i]: 1.54496e-12
N[i]: 1.52532e-12
N[i]: 1.50592e-12
N[i]: 1.48678e-12
N[i]: 1.46788e-12
N[i]: 1.44922e-12
N[i]: 1.4308e-12
N[i]: 1.41261e-12
N[i]: 1.39465e-12
N[i]: 1.37692e-12
N[i]: 1.35942e-12
N[i]: 1.34214e-12
N[i]: 1.32507e-12
N[i]: 1.30823e-12
N[i]: 1.2916e-12
N[i]: 1.27518e-12
N[i]: 1.25897e-12
N[i]: 1.24296e-12
N[i]: 1.22716e-12
N[i]: 1.21156e-12
N[i]: 1.19616e-12
N[i]: 1.18096e-12
N[i]: 1.16594e-12
N[i]: 1.15112e-12
N[i]: 1.13649e-12
N[i]: 1.12204e-12
N[i]: 1.10778e-12
N[i]: 1.09369e-12
N[i]: 1.07979e-12
N[i]: 1.06606e-12
N[i]: 1.05251e-12
N[i]: 1.03913e-12
N[i]: 1.02592e-12
N[i]: 1.01288e-12
N[i]: 1e-12
N[i]: 9.87291e-13
N[i]: 9.7474e-13
N[i]: 9.62349e-13
N[i]: 9.50115e-13
N[i]: 9.38037e-13
N[i]: 9.26113e-13
N[i]: 9.1434e-13
N[i]: 9.02716e-13
N[i]: 8.9124e-13
N[i]: 8.79911e-13
N[i]: 8.68725e-13
N[i]: 8.57681e-13
N[i]: 8.46778e-13
N[i]: 8.36014e-13
N[i]: 8.25386e-13
N[i]: 8.14893e-13
N[i]: 8.04534e-13
N[i]: 7.94307e-13
N[i]: 7.84209e-13
N[i]: 7.7424e-13
N[i]: 7.64397e-13
N[i]: 7.5468e-13
N[i]: 7.45086e-13
N[i]: 7.35615e-13
N[i]: 7.26263e-13
N[i]: 7.17031e-13
N[i]: 7.07916e-13
N[i]: 6.98916e-13
N[i]: 6.90031e-13
N[i]: 6.81259e-13
N[i]: 6.72599e-13
N[i]: 6.64049e-13
N[i]: 6.55607e-13
N[i]: 6.47273e-13
N[i]: 6.39044e-13
N[i]: 6.30921e-13
N[i]: 6.229e-13
N[i]: 6.14982e-13
N[i]: 6.07164e-13
N[i]: 5.99445e-13
N[i]: 5.91825e-13
N[i]: 5.84301e-13
N[i]: 5.76874e-13
N[i]: 5.6954e-13
N[i]: 5.623e-13
N[i]: 5.55152e-13
N[i]: 5.48094e-13
N[i]: 5.41127e-13
N[i]: 5.34248e-13
N[i]: 5.27456e-13
N[i]: 5.20751e-13
N[i]: 5.14131e-13
N[i]: 5.07595e-13
N[i]: 5.01143e-13
N[i]: 4.94772e-13
N[i]: 4.88482e-13
N[i]: 4.82272e-13
N[i]: 4.76142e-13
N[i]: 4.70089e-13
N[i]: 4.64113e-13
N[i]: 4.58213e-13
N[i]: 4.52388e-13
N[i]: 4.46637e-13
N[i]: 4.40959e-13
N[i]: 4.35353e-13
N[i]: 4.29819e-13
N[i]: 4.24355e-13
N[i]: 4.1896e-13
N[i]: 4.13634e-13
N[i]: 4.08376e-13
N[i]: 4.03185e-13
N[i]: 3.98059e-13
N[i]: 3.92999e-13
N[i]: 3.88003e-13
N[i]: 3.83071e-13
N[i]: 3.78201e-13
N[i]: 3.73393e-13
N[i]: 3.68646e-13
N[i]: 3.6396e-13
N[i]: 3.59333e-13
N[i]: 3.54765e-13
N[i]: 3.50255e-13
N[i]: 3.45803e-13
N[i]: 3.41407e-13
N[i]: 3.37067e-13
N[i]: 3.32782e-13
N[i]: 3.28551e-13
N[i]: 3.24375e-13
N[i]: 3.20251e-13
N[i]: 3.1618e-13
N[i]: 3.12161e-13
N[i]: 3.08192e-13
N[i]: 3.04274e-13
N[i]: 3.00406e-13
N[i]: 2.96588e-13
N[i]: 2.92817e-13
N[i]: 2.89095e-13
N[i]: 2.8542e-13
N[i]: 2.81791e-13
N[i]: 2.78209e-13
N[i]: 2.74672e-13
N[i]: 2.71181e-13
N[i]: 2.67733e-13
N[i]: 2.6433e-13
N[i]: 2.6097e-13
N[i]: 2.57652e-13
N[i]: 2.54377e-13
N[i]: 2.51143e-13
N[i]: 2.4795e-13
N[i]: 2.44798e-13
N[i]: 2.41686e-13
N[i]: 2.38614e-13
N[i]: 2.35581e-13
N[i]: 2.32586e-13
N[i]: 2.29629e-13
N[i]: 2.2671e-13
N[i]: 2.23828e-13
N[i]: 2.20983e-13
N[i]: 2.18173e-13
N[i]: 2.154e-13
N[i]: 2.12662e-13
N[i]: 2.09958e-13
N[i]: 2.07289e-13
N[i]: 2.04654e-13
N[i]: 2.02052e-13
N[i]: 1.99484e-13
N[i]: 1.96948e-13
N[i]: 1.94444e-13
N[i]: 1.91972e-13
N[i]: 1.89532e-13
N[i]: 1.87122e-13
N[i]: 1.84744e-13
N[i]: 1.82395e-13
N[i]: 1.80077e-13
N[i]: 1.77787e-13
N[i]: 1.75527e-13
N[i]: 1.73296e-13
N[i]: 1.71093e-13
N[i]: 1.68918e-13
N[i]: 1.66771e-13
N[i]: 1.6465e-13
N[i]: 1.62557e-13
N[i]: 1.60491e-13
N[i]: 1.58451e-13
N[i]: 1.56436e-13
N[i]: 1.54448e-13
N[i]: 1.52484e-13
N[i]: 1.50546e-13
N[i]: 1.48632e-13
N[i]: 1.46743e-13
N[i]: 1.44877e-13
N[i]: 1.43035e-13
N[i]: 1.41217e-13
N[i]: 1.39422e-13
N[i]: 1.3765e-13
N[i]: 1.359e-13
N[i]: 1.34172e-13
N[i]: 1.32466e-13
N[i]: 1.30782e-13
N[i]: 1.2912e-13
N[i]: 1.27478e-13
N[i]: 1.25858e-13
N[i]: 1.24258e-13
N[i]: 1.22678e-13
N[i]: 1.21119e-13
N[i]: 1.19579e-13
N[i]: 1.18059e-13
N[i]: 1.16558e-13
N[i]: 1.15076e-13
N[i]: 1.13614e-13
N[i]: 1.12169e-13
N[i]: 1.10743e-13
N[i]: 1.09336e-13
N[i]: 1.07946e-13
N[i]: 1.06573e-13
N[i]: 1.05219e-13
N[i]: 1.03881e-13
N[i]: 1.0256e-13
N[i]: 1.01257e-13
N[i]: 9.99694e-14
N[i]: 9.86986e-14
N[i]: 9.74439e-14
N[i]: 9.62051e-14
N[i]: 9.49821e-14
N[i]: 9.37747e-14
N[i]: 9.25826e-14
N[i]: 9.14056e-14
N[i]: 9.02437e-14
N[i]: 8.90965e-14
N[i]: 8.79638e-14
N[i]: 8.68456e-14
N[i]: 8.57416e-14
N[i]: 8.46516e-14
N[i]: 8.35755e-14
N[i]: 8.2513e-14
N[i]: 8.14641e-14
N[i]: 8.04285e-14
N[i]: 7.94061e-14
N[i]: 7.83966e-14
N[i]: 7.74e-14
N[i]: 7.64161e-14
N[i]: 7.54447e-14
N[i]: 7.44856e-14
N[i]: 7.35387e-14
N[i]: 7.26038e-14
N[i]: 7.16809e-14
N[i]: 7.07696e-14
N[i]: 6.987e-14
N[i]: 6.89818e-14
N[i]: 6.81049e-14
N[i]: 6.72391e-14
N[i]: 6.63843e-14
N[i]: 6.55404e-14
N[i]: 6.47072e-14
N[i]: 6.38847e-14
N[i]: 6.30725e-14
N[i]: 6.22707e-14
N[i]: 6.14791e-14
N[i]: 6.06976e-14
N[i]: 5.9926e-14
N[i]: 5.91642e-14
N[i]: 5.8412e-14
N[i]: 5.76695e-14
N[i]: 5.69364e-14
N[i]: 5.62126e-14
N[i]: 5.5498e-14
N[i]: 5.47925e-14
N[i]: 5.40959e-14
N[i]: 5.34082e-14
N[i]: 5.27293e-14
N[i]: 5.2059e-14
N[i]: 5.13972e-14
N[i]: 5.07438e-14
N[i]: 5.00987e-14
N[i]: 4.94619e-14
N[i]: 4.88331e-14
N[i]: 4.82123e-14
N[i]: 4.75994e-14
N[i]: 4.69943e-14
N[i]: 4.63969e-14
N[i]: 4.58071e-14
N[i]: 4.52248e-14
N[i]: 4.46499e-14
N[i]: 4.40823e-14
N[i]: 4.35219e-14
N[i]: 4.29686e-14
N[i]: 4.24224e-14
N[i]: 4.18831e-14
N[i]: 4.13506e-14
N[i]: 4.0825e-14
N[i]: 4.0306e-14
N[i]: 3.97936e-14
N[i]: 3.92877e-14
N[i]: 3.87883e-14
N[i]: 3.82952e-14
N[i]: 3.78084e-14
N[i]: 3.73278e-14
N[i]: 3.68532e-14
N[i]: 3.63847e-14
N[i]: 3.59222e-14
N[i]: 3.54655e-14
N[i]: 3.50147e-14
N[i]: 3.45696e-14
N[i]: 3.41301e-14
N[i]: 3.36962e-14
N[i]: 3.32679e-14
N[i]: 3.2845e-14
N[i]: 3.24274e-14
N[i]: 3.20152e-14
N[i]: 3.16082e-14
N[i]: 3.12064e-14
N[i]: 3.08097e-14
N[i]: 3.0418e-14
N[i]: 3.00313e-14
N[i]: 2.96496e-14
N[i]: 2.92727e-14
N[i]: 2.89005e-14
N[i]: 2.85331e-14
N[i]: 2.81704e-14
N[i]: 2.78123e-14
N[i]: 2.74587e-14
N[i]: 2.71097e-14
N[i]: 2.6765e-14
N[i]: 2.64248e-14
N[i]: 2.60889e-14
N[i]: 2.57572e-14
N[i]: 2.54298e-14
N[i]: 2.51065e-14
N[i]: 2.47874e-14
N[i]: 2.44722e-14
N[i]: 2.41611e-14
N[i]: 2.3854e-14
N[i]: 2.35508e-14
N[i]: 2.32514e-14
N[i]: 2.29558e-14
N[i]: 2.2664e-14
N[i]: 2.23759e-14
N[i]: 2.20914e-14
N[i]: 2.18106e-14
N[i]: 2.15333e-14
N[i]: 2.12596e-14
N[i]: 2.09893e-14
N[i]: 2.07225e-14
N[i]: 2.04591e-14
N[i]: 2.0199e-14
N[i]: 1.99422e-14
N[i]: 1.96887e-14
N[i]: 1.94384e-14
N[i]: 1.91913e-14
N[i]: 1.89473e-14
N[i]: 1.87065e-14
N[i]: 1.84687e-14
N[i]: 1.82339e-14
N[i]: 1.80021e-14
N[i]: 1.77732e-14
N[i]: 1.75473e-14
N[i]: 1.73242e-14
N[i]: 1.7104e-14
N[i]: 1.68866e-14
N[i]: 1.66719e-14
N[i]: 1.64599e-14
N[i]: 1.62507e-14
N[i]: 1.60441e-14
N[i]: 1.58402e-14
N[i]: 1.56388e-14
N[i]: 1.544e-14
N[i]: 1.52437e-14
N[i]: 1.50499e-14
N[i]: 1.48586e-14
N[i]: 1.46697e-14
N[i]: 1.44832e-14
N[i]: 1.42991e-14
N[i]: 1.41173e-14
N[i]: 1.39379e-14
N[i]: 1.37607e-14
N[i]: 1.35858e-14
N[i]: 1.34131e-14
N[i]: 1.32425e-14
N[i]: 1.30742e-14
N[i]: 1.2908e-14
N[i]: 1.27439e-14
N[i]: 1.25819e-14
N[i]: 1.2422e-14
N[i]: 1.2264e-14
N[i]: 1.21081e-14
N[i]: 1.19542e-14
N[i]: 1.18022e-14
N[i]: 1.16522e-14
N[i]: 1.15041e-14
N[i]: 1.13578e-14
N[i]: 1.12135e-14
N[i]: 1.10709e-14
N[i]: 1.09302e-14
N[i]: 1.07912e-14
N[i]: 1.0654e-14
N[i]: 1.05186e-14
N[i]: 1.03849e-14
N[i]: 1.02529e-14
N[i]: 1.01225e-14
N[i]: 9.99385e-15
N[i]: 9.8668e-15
N[i]: 9.74137e-15
N[i]: 9.61754e-15
N[i]: 9.49527e-15
N[i]: 9.37457e-15
N[i]: 9.25539e-15
N[i]: 9.13774e-15
N[i]: 9.02157e-15
N[i]: 8.90689e-15
N[i]: 8.79366e-15
N[i]: 8.68187e-15
N[i]: 8.5715e-15
N[i]: 8.46254e-15
N[i]: 8.35496e-15
N[i]: 8.24875e-15
N[i]: 8.14389e-15
N[i]: 8.04036e-15
N[i]: 7.93815e-15
number of cov blocks for parallelization: 3
-----------------
PROGRAM EXECUTED
-----------------
