Omega_m 0.309660 
Omega_v 0.690340 
sigma_8 0.810200 
n_spec 0.966500 
w0 -1.000000 
wa 0.000000 
omb 0.048970 
h0 0.676600 
h0 0.676600 
h0 0.676600 
h0 0.676600 
area 2894.030382 
sourcephotoz multihisto 
lensphotoz multihisto 
number of source tomo bins 1 
number of lens tomo bins 1 
sigmae 0.378398 
tomo.n_source[0]=4.957279 
ngal 4.957279 
tomo.n_lens_ij[0][0]=4.957279 
nlens 4.957279 
tomo.n_lens_ij[0][0]=4.957279 
nlens 9.914559 
tomo.n_lens_ij[0][0]=4.957279 
nlens 14.871838 
shear_REDSHIFT_FILE /n17data/sguerrini/UNIONS/WL/nz/v1.4.6.3/nz_SP_v1.4.6.3_A.txt 
clustering_REDSHIFT_FILE /n17data/sguerrini/UNIONS/WL/nz/v1.4.6.3/nz_SP_v1.4.6.3_A.txt 
IA = 1 
A_ia = 0.000000 
eta_ia = 0.000000 
eta_ia = 0.000000 
eta_ia = 0.000000 
C_FOOTPRINT_FILE /n17data/cdaley/unions/code/sp_validation/cosmo_inference/data/mask/mask_cls_footprint_nside_4096_norm.txt 
C_FOOTPRINT_FILE /n17data/cdaley/unions/code/sp_validation/cosmo_inference/data/mask/mask_cls_footprint_nside_4096_norm.txt 
C_FOOTPRINT_FILE /n17data/cdaley/unions/code/sp_validation/cosmo_inference/data/mask/mask_cls_footprint_nside_4096_norm.txt 
tmin 0.000145 
tmax 0.087266 
ntheta 1000 
ng 0 
cng 0 
cng 0 
cng 0 
outdir ./ 
filename cov_tmp 
ss true 
ls false 
ll false 
Source redshifts: multi-histo file /n17data/sguerrini/UNIONS/WL/nz/v1.4.6.3/nz_SP_v1.4.6.3_A.txt, containing 1 tomography bins
redshift_spline.c 200 1.250000e-02 5.012500e+00
tomo.shear_zmin[0] = 0.013,tomo.shear_zmax[0] = 3.612
bin 0: <z_s>=0.632251
like.IA: 1, using parameters A_ia, eta_ia
WARNING
	oneplusz0_ia is not set correctly!
	using DES-Y3 value z0 = 0.62constant oneplusz0_ia is set: 1.620000
A_ia = 0.000000, eta_ia = 0.000000 
init_source_sample complete
Lens redshifts: multi-histo file /n17data/sguerrini/UNIONS/WL/nz/v1.4.6.3/nz_SP_v1.4.6.3_A.txt, containing 1 tomography bins
1 Clustering Powerspectra
tomo.clustering_zmin[0] = 0.013,tomo.clustering_zmax[0] = 3.612
1 GGL Powerspectra
init_lens_sample complete
running multi_covariance_real with NG = 0, cNG = 0
numbers of powers: 1, 1, 1 
N_shear1 = 0 (0,0)
N_shear2 = 0 (0, 0)
N[i]: 0
N[i]: 0
N[i]: 0
N[i]: 0
N[i]: 0
N[i]: 0
N[i]: 0
N[i]: 0
N[i]: 0
N[i]: 0
N[i]: 0
N[i]: 0
N[i]: 0
N[i]: 0
N[i]: 0
N[i]: 0
N[i]: 0
N[i]: 0
N[i]: 0
N[i]: 0
N[i]: 0
N[i]: 0
N[i]: 0
N[i]: 0
N[i]: 0
N[i]: 0
N[i]: 0
N[i]: 0
N[i]: 0
N[i]: 0
N[i]: 0
N[i]: 0
N[i]: 0
N[i]: 0
N[i]: 0
N[i]: 0
N[i]: 0
N[i]: 0
N[i]: 0
N[i]: 0
N[i]: 0
N[i]: 0
N[i]: 0
N[i]: 0
N[i]: 0
N[i]: 0
N[i]: 0
N[i]: 0
N[i]: 0
N[i]: 0
N[i]: 0
N[i]: 0
N[i]: 0
N[i]: 0
N[i]: 0
N[i]: 0
N[i]: 0
N[i]: 0
N[i]: 0
N[i]: 0
N[i]: 0
N[i]: 0
N[i]: 0
N[i]: 0
N[i]: 0
N[i]: 0
N[i]: 0
N[i]: 0
N[i]: 0
N[i]: 0
N[i]: 0
N[i]: 0
N[i]: 0
N[i]: 0
N[i]: 0
N[i]: 0
N[i]: 0
N[i]: 0
N[i]: 0
N[i]: 0
N[i]: 0
N[i]: 0
N[i]: 0
N[i]: 0
N[i]: 0
N[i]: 0
N[i]: 0
N[i]: 0
N[i]: 0
N[i]: 0
N[i]: 0
N[i]: 0
N[i]: 0
N[i]: 0
N[i]: 0
N[i]: 0
N[i]: 0
N[i]: 0
N[i]: 0
N[i]: 0
N[i]: 0
N[i]: 0
N[i]: 0
N[i]: 0
N[i]: 0
N[i]: 0
N[i]: 0
N[i]: 0
N[i]: 0
N[i]: 0
N[i]: 0
N[i]: 0
N[i]: 0
N[i]: 0
N[i]: 0
N[i]: 0
N[i]: 0
N[i]: 0
N[i]: 0
N[i]: 0
N[i]: 0
N[i]: 0
N[i]: 0
N[i]: 0
N[i]: 0
N[i]: 0
N[i]: 0
N[i]: 0
N[i]: 0
N[i]: 0
N[i]: 0
N[i]: 0
N[i]: 0
N[i]: 0
N[i]: 0
N[i]: 0
N[i]: 0
N[i]: 0
N[i]: 0
N[i]: 0
N[i]: 0
N[i]: 0
N[i]: 0
N[i]: 0
N[i]: 0
N[i]: 0
N[i]: 0
N[i]: 0
N[i]: 0
N[i]: 0
N[i]: 0
N[i]: 0
N[i]: 0
N[i]: 0
N[i]: 0
N[i]: 0
N[i]: 0
N[i]: 0
N[i]: 0
N[i]: 0
N[i]: 0
N[i]: 0
N[i]: 0
N[i]: 0
N[i]: 0
N[i]: 0
N[i]: 0
N[i]: 0
N[i]: 0
N[i]: 0
N[i]: 0
N[i]: 0
N[i]: 0
N[i]: 0
N[i]: 0
N[i]: 0
N[i]: 0
N[i]: 0
N[i]: 0
N[i]: 0
N[i]: 0
N[i]: 0
N[i]: 0
N[i]: 0
N[i]: 0
N[i]: 0
N[i]: 0
N[i]: 0
N[i]: 0
N[i]: 0
N[i]: 0
N[i]: 0
N[i]: 0
N[i]: 0
N[i]: 0
N[i]: 0
N[i]: 0
N[i]: 0
N[i]: 0
N[i]: 0
N[i]: 0
N[i]: 0
N[i]: 0
N[i]: 0
N[i]: 0
N[i]: 0
N[i]: 0
N[i]: 0
N[i]: 0
N[i]: 0
N[i]: 0
N[i]: 0
N[i]: 0
N[i]: 0
N[i]: 0
N[i]: 0
N[i]: 0
N[i]: 0
N[i]: 0
N[i]: 0
N[i]: 0
N[i]: 0
N[i]: 0
N[i]: 0
N[i]: 0
N[i]: 0
N[i]: 0
N[i]: 0
N[i]: 0
N[i]: 0
N[i]: 0
N[i]: 0
N[i]: 0
N[i]: 0
N[i]: 0
N[i]: 0
N[i]: 0
N[i]: 0
N[i]: 0
N[i]: 0
N[i]: 0
N[i]: 0
N[i]: 0
N[i]: 0
N[i]: 0
N[i]: 0
N[i]: 0
N[i]: 0
N[i]: 0
N[i]: 0
N[i]: 0
N[i]: 0
N[i]: 0
N[i]: 0
N[i]: 0
N[i]: 0
N[i]: 0
N[i]: 0
N[i]: 0
N[i]: 0
N[i]: 0
N[i]: 0
N[i]: 0
N[i]: 0
N[i]: 0
N[i]: 0
N[i]: 0
N[i]: 0
N[i]: 0
N[i]: 0
N[i]: 0
N[i]: 0
N[i]: 0
N[i]: 0
N[i]: 0
N[i]: 0
N[i]: 0
N[i]: 0
N[i]: 0
N[i]: 0
N[i]: 0
N[i]: 0
N[i]: 0
N[i]: 0
N[i]: 0
N[i]: 0
N[i]: 0
N[i]: 0
N[i]: 0
N[i]: 0
N[i]: 0
N[i]: 0
N[i]: 0
N[i]: 0
N[i]: 0
N[i]: 0
N[i]: 0
N[i]: 0
N[i]: 0
N[i]: 0
N[i]: 0
N[i]: 0
N[i]: 0
N[i]: 0
N[i]: 0
N[i]: 0
N[i]: 0
N[i]: 0
N[i]: 0
N[i]: 0
N[i]: 0
N[i]: 0
N[i]: 0
N[i]: 0
N[i]: 0
N[i]: 0
N[i]: 0
N[i]: 0
N[i]: 0
N[i]: 0
N[i]: 0
N[i]: 0
N[i]: 0
N[i]: 0
N[i]: 0
N[i]: 0
N[i]: 0
N[i]: 0
N[i]: 0
N[i]: 0
N[i]: 0
N[i]: 0
N[i]: 0
N[i]: 0
N[i]: 0
N[i]: 0
N[i]: 0
N[i]: 0
N[i]: 0
N[i]: 0
N[i]: 0
N[i]: 0
N[i]: 0
N[i]: 0
N[i]: 0
N[i]: 0
N[i]: 0
N[i]: 0
N[i]: 0
N[i]: 0
N[i]: 0
N[i]: 0
N[i]: 0
N[i]: 0
N[i]: 0
N[i]: 0
N[i]: 0
N[i]: 0
N[i]: 0
N[i]: 0
N[i]: 0
N[i]: 0
N[i]: 0
N[i]: 0
N[i]: 0
N[i]: 0
N[i]: 0
N[i]: 0
N[i]: 0
N[i]: 0
N[i]: 0
N[i]: 0
N[i]: 0
N[i]: 0
N[i]: 0
N[i]: 0
N[i]: 0
N[i]: 0
N[i]: 0
N[i]: 0
N[i]: 0
N[i]: 0
N[i]: 0
N[i]: 0
N[i]: 0
N[i]: 0
N[i]: 0
N[i]: 0
N[i]: 0
N[i]: 0
N[i]: 0
N[i]: 0
N[i]: 0
N[i]: 0
N[i]: 0
N[i]: 0
N[i]: 0
N[i]: 0
N[i]: 0
N[i]: 0
N[i]: 0
N[i]: 0
N[i]: 0
N[i]: 0
N[i]: 0
N[i]: 0
N[i]: 0
N[i]: 0
N[i]: 0
N[i]: 0
N[i]: 0
N[i]: 0
N[i]: 0
N[i]: 0
N[i]: 0
N[i]: 0
N[i]: 0
N[i]: 0
N[i]: 0
N[i]: 0
N[i]: 0
N[i]: 0
N[i]: 0
N[i]: 0
N[i]: 0
N[i]: 0
N[i]: 0
N[i]: 0
N[i]: 0
N[i]: 0
N[i]: 0
N[i]: 0
N[i]: 0
N[i]: 0
N[i]: 0
N[i]: 0
N[i]: 0
N[i]: 0
N[i]: 0
N[i]: 0
N[i]: 0
N[i]: 0
N[i]: 0
N[i]: 0
N[i]: 0
N[i]: 0
N[i]: 0
N[i]: 0
N[i]: 0
N[i]: 0
N[i]: 0
N[i]: 0
N[i]: 0
N[i]: 0
N[i]: 0
N[i]: 0
N[i]: 0
N[i]: 0
N[i]: 0
N[i]: 0
N[i]: 0
N[i]: 0
N[i]: 0
N[i]: 0
N[i]: 0
N[i]: 0
N[i]: 0
N[i]: 0
N[i]: 0
N[i]: 0
N[i]: 0
N[i]: 0
N[i]: 0
N[i]: 0
N[i]: 0
N[i]: 0
N[i]: 0
N[i]: 0
N[i]: 0
N[i]: 0
N[i]: 0
N[i]: 0
N[i]: 0
N[i]: 0
N[i]: 0
N[i]: 0
N[i]: 0
N[i]: 0
N[i]: 0
N[i]: 0
N[i]: 0
N[i]: 0
N[i]: 0
N[i]: 0
N[i]: 0
N[i]: 0
N[i]: 0
N[i]: 0
N[i]: 0
N[i]: 0
N[i]: 0
N[i]: 0
N[i]: 0
N[i]: 0
N[i]: 0
N[i]: 0
N[i]: 0
N[i]: 0
N[i]: 0
N[i]: 0
N[i]: 0
N[i]: 0
N[i]: 0
N[i]: 0
N[i]: 0
N[i]: 0
N[i]: 0
N[i]: 0
N[i]: 0
N[i]: 0
N[i]: 0
N[i]: 0
N[i]: 0
N[i]: 0
N[i]: 0
N[i]: 0
N[i]: 0
N[i]: 0
N[i]: 0
N[i]: 0
N[i]: 0
N[i]: 0
N[i]: 0
N[i]: 0
N[i]: 0
N[i]: 0
N[i]: 0
N[i]: 0
N[i]: 0
N[i]: 0
N[i]: 0
N[i]: 0
N[i]: 0
N[i]: 0
N[i]: 0
N[i]: 0
N[i]: 0
N[i]: 0
N[i]: 0
N[i]: 0
N[i]: 0
N[i]: 0
N[i]: 0
N[i]: 0
N[i]: 0
N[i]: 0
N[i]: 0
N[i]: 0
N[i]: 0
N[i]: 0
N[i]: 0
N[i]: 0
N[i]: 0
N[i]: 0
N[i]: 0
N[i]: 0
N[i]: 0
N[i]: 0
N[i]: 0
N[i]: 0
N[i]: 0
N[i]: 0
N[i]: 0
N[i]: 0
N[i]: 0
N[i]: 0
N[i]: 0
N[i]: 0
N[i]: 0
N[i]: 0
N[i]: 0
N[i]: 0
N[i]: 0
N[i]: 0
N[i]: 0
N[i]: 0
N[i]: 0
N[i]: 0
N[i]: 0
N[i]: 0
N[i]: 0
N[i]: 0
N[i]: 0
N[i]: 0
N[i]: 0
N[i]: 0
N[i]: 0
N[i]: 0
N[i]: 0
N[i]: 0
N[i]: 0
N[i]: 0
N[i]: 0
N[i]: 0
N[i]: 0
N[i]: 0
N[i]: 0
N[i]: 0
N[i]: 0
N[i]: 0
N[i]: 0
N[i]: 0
N[i]: 0
N[i]: 0
N[i]: 0
N[i]: 0
N[i]: 0
N[i]: 0
N[i]: 0
N[i]: 0
N[i]: 0
N[i]: 0
N[i]: 0
N[i]: 0
N[i]: 0
N[i]: 0
N[i]: 0
N[i]: 0
N[i]: 0
N[i]: 0
N[i]: 0
N[i]: 0
N[i]: 0
N[i]: 0
N[i]: 0
N[i]: 0
N[i]: 0
N[i]: 0
N[i]: 0
N[i]: 0
N[i]: 0
N[i]: 0
N[i]: 0
N[i]: 0
N[i]: 0
N[i]: 0
N[i]: 0
N[i]: 0
N[i]: 0
N[i]: 0
N[i]: 0
N[i]: 0
N[i]: 0
N[i]: 0
N[i]: 0
N[i]: 0
N[i]: 0
N[i]: 0
N[i]: 0
N[i]: 0
N[i]: 0
N[i]: 0
N[i]: 0
N[i]: 0
N[i]: 0
N[i]: 0
N[i]: 0
N[i]: 0
N[i]: 0
N[i]: 0
N[i]: 0
N[i]: 0
N[i]: 0
N[i]: 0
N[i]: 0
N[i]: 0
N[i]: 0
N[i]: 0
N[i]: 0
N[i]: 0
N[i]: 0
N[i]: 0
N[i]: 0
N[i]: 0
N[i]: 0
N[i]: 0
N[i]: 0
N[i]: 0
N[i]: 0
N[i]: 0
N[i]: 0
N[i]: 0
N[i]: 0
N[i]: 0
N[i]: 0
N[i]: 0
N[i]: 0
N[i]: 0
N[i]: 0
N[i]: 0
N[i]: 0
N[i]: 0
N[i]: 0
N[i]: 0
N[i]: 0
N[i]: 0
N[i]: 0
N[i]: 0
N[i]: 0
N[i]: 0
N[i]: 0
N[i]: 0
N[i]: 0
N[i]: 0
N[i]: 0
N[i]: 0
N[i]: 0
N[i]: 0
N[i]: 0
N[i]: 0
N[i]: 0
N[i]: 0
N[i]: 0
N[i]: 0
N[i]: 0
N[i]: 0
N[i]: 0
N[i]: 0
N[i]: 0
N[i]: 0
N[i]: 0
N[i]: 0
N[i]: 0
N[i]: 0
N[i]: 0
N[i]: 0
N[i]: 0
N[i]: 0
N[i]: 0
N[i]: 0
N[i]: 0
N[i]: 0
N[i]: 0
N[i]: 0
N[i]: 0
N[i]: 0
N[i]: 0
N[i]: 0
N[i]: 0
N[i]: 0
N[i]: 0
N[i]: 0
N[i]: 0
N[i]: 0
N[i]: 0
N[i]: 0
N[i]: 0
N[i]: 0
N[i]: 0
N[i]: 0
N[i]: 0
N[i]: 0
N[i]: 0
N[i]: 0
N[i]: 0
N[i]: 0
N[i]: 0
N[i]: 0
N[i]: 0
N[i]: 0
N[i]: 0
N[i]: 0
N[i]: 0
N[i]: 0
N[i]: 0
N[i]: 0
N[i]: 0
N[i]: 0
N[i]: 0
N[i]: 0
N[i]: 0
N[i]: 0
N[i]: 0
N[i]: 0
N[i]: 0
N[i]: 0
N[i]: 0
N[i]: 0
N[i]: 0
N[i]: 0
N[i]: 0
N[i]: 0
N[i]: 0
N[i]: 0
N[i]: 0
N[i]: 0
N[i]: 0
N[i]: 0
N[i]: 0
N[i]: 0
N[i]: 0
N[i]: 0
N[i]: 0
N[i]: 0
N[i]: 0
N[i]: 0
N[i]: 0
N[i]: 0
N[i]: 0
N[i]: 0
N[i]: 0
N[i]: 0
N[i]: 0
N[i]: 0
N[i]: 0
N[i]: 0
N[i]: 0
N[i]: 0
N[i]: 0
N[i]: 0
N[i]: 0
N[i]: 0
N[i]: 0
N[i]: 0
N[i]: 0
N[i]: 0
N[i]: 0
N[i]: 0
N[i]: 0
N[i]: 0
N[i]: 0
N[i]: 0
N[i]: 0
N[i]: 0
N[i]: 0
N[i]: 0
N[i]: 0
N[i]: 0
N[i]: 0
N[i]: 0
N[i]: 0
N[i]: 0
N[i]: 0
N[i]: 0
N[i]: 0
N[i]: 0
N[i]: 0
N[i]: 0
N[i]: 0
N[i]: 0
N[i]: 0
N[i]: 0
N[i]: 0
N[i]: 0
N[i]: 0
N[i]: 0
N[i]: 0
N[i]: 0
N[i]: 0
N[i]: 0
N[i]: 0
N[i]: 0
N[i]: 0
N[i]: 0
N[i]: 0
N[i]: 0
N[i]: 0
N[i]: 0
N[i]: 0
N[i]: 0
N[i]: 0
N[i]: 0
N[i]: 0
N[i]: 0
N[i]: 0
N[i]: 0
N[i]: 0
N[i]: 0
N[i]: 0
N[i]: 0
N[i]: 0
N[i]: 0
N[i]: 0
N[i]: 0
N[i]: 0
N[i]: 0
N[i]: 0
N[i]: 0
N[i]: 0
N[i]: 0
N[i]: 0
N[i]: 0
N[i]: 0
N[i]: 0
N[i]: 0
N[i]: 0
N[i]: 0
N[i]: 0
N[i]: 0
N[i]: 0
N[i]: 0
N[i]: 0
N[i]: 0
N[i]: 0
N[i]: 0
N[i]: 0
N[i]: 0
N[i]: 0
N[i]: 0
N[i]: 0
N[i]: 0
N[i]: 0
N[i]: 0
N[i]: 0
N[i]: 0
N[i]: 0
N[i]: 0
N[i]: 0
N[i]: 0
N[i]: 0
N[i]: 0
N[i]: 0
N[i]: 0
N[i]: 0
N[i]: 0
N[i]: 0
N[i]: 0
N[i]: 0
N[i]: 0
N[i]: 0
N[i]: 0
N[i]: 0
N[i]: 0
N[i]: 0
N[i]: 0
N[i]: 0
N[i]: 0
N[i]: 0
N[i]: 0
N[i]: 0
N[i]: 0
N[i]: 0
N[i]: 0
N[i]: 0
N[i]: 0
N[i]: 0
N[i]: 0
N[i]: 0
N[i]: 0
N[i]: 0
N[i]: 0
N[i]: 0
N[i]: 0
N[i]: 0
N[i]: 0
N[i]: 0
N[i]: 0
N[i]: 0
N[i]: 0
N[i]: 0
N[i]: 0
N[i]: 0
N[i]: 0
N[i]: 0
N[i]: 0
N[i]: 0
N[i]: 0
N[i]: 0
N[i]: 0
N[i]: 0
N[i]: 0
N[i]: 0
N[i]: 0
N[i]: 0
N[i]: 0
N[i]: 0
N[i]: 0
N[i]: 0
N[i]: 0
N[i]: 0
N[i]: 0
N[i]: 0
N[i]: 0
N[i]: 0
N[i]: 0
N[i]: 0
N[i]: 0
N[i]: 0
N[i]: 0
N[i]: 0
N[i]: 0
N[i]: 0
N[i]: 0
N[i]: 0
N[i]: 0
N[i]: 0
N[i]: 0
N[i]: 0
N[i]: 0
N[i]: 0
redshift.shear_photoz = 4, using tabulated tomo.n_source = 4.957279e+00,



covariances_3D.c:w_mask:WARNING
Compute covariance without accounting to survey boundary effect on shape/shot noise:
Survey mask power spectrum in /n17data/cdaley/unions/code/sp_validation/cosmo_inference/data/mask/mask_cls_footprint_nside_4096_norm.txt tabulated only to l_max = 12287
This is insufficient to calculate masking effect at theta_min = 0.50 arcmin


number of cov blocks for parallelization: 3
-----------------
PROGRAM EXECUTED
-----------------
